Archive member included to satisfy reference by file (symbol)

C:/ST/STM32CubeIDE_1.14.1/STM32CubeIDE/plugins/com.st.stm32cube.ide.mcu.externaltools.gnu-tools-for-stm32.11.3.rel1.win32_1.1.100.202309141235/tools/bin/../lib/gcc/arm-none-eabi/11.3.1/../../../../arm-none-eabi/lib/thumb/v7-m/nofp\libc_nano.a(libc_a-exit.o)
                              C:/ST/STM32CubeIDE_1.14.1/STM32CubeIDE/plugins/com.st.stm32cube.ide.mcu.externaltools.gnu-tools-for-stm32.11.3.rel1.win32_1.1.100.202309141235/tools/bin/../lib/gcc/arm-none-eabi/11.3.1/../../../../arm-none-eabi/lib/thumb/v7-m/nofp/crt0.o (exit)
C:/ST/STM32CubeIDE_1.14.1/STM32CubeIDE/plugins/com.st.stm32cube.ide.mcu.externaltools.gnu-tools-for-stm32.11.3.rel1.win32_1.1.100.202309141235/tools/bin/../lib/gcc/arm-none-eabi/11.3.1/../../../../arm-none-eabi/lib/thumb/v7-m/nofp\libc_nano.a(libc_a-findfp.o)
                              C:/ST/STM32CubeIDE_1.14.1/STM32CubeIDE/plugins/com.st.stm32cube.ide.mcu.externaltools.gnu-tools-for-stm32.11.3.rel1.win32_1.1.100.202309141235/tools/bin/../lib/gcc/arm-none-eabi/11.3.1/../../../../arm-none-eabi/lib/thumb/v7-m/nofp\libc_nano.a(libc_a-exit.o) (__stdio_exit_handler)
C:/ST/STM32CubeIDE_1.14.1/STM32CubeIDE/plugins/com.st.stm32cube.ide.mcu.externaltools.gnu-tools-for-stm32.11.3.rel1.win32_1.1.100.202309141235/tools/bin/../lib/gcc/arm-none-eabi/11.3.1/../../../../arm-none-eabi/lib/thumb/v7-m/nofp\libc_nano.a(libc_a-fwalk.o)
                              C:/ST/STM32CubeIDE_1.14.1/STM32CubeIDE/plugins/com.st.stm32cube.ide.mcu.externaltools.gnu-tools-for-stm32.11.3.rel1.win32_1.1.100.202309141235/tools/bin/../lib/gcc/arm-none-eabi/11.3.1/../../../../arm-none-eabi/lib/thumb/v7-m/nofp\libc_nano.a(libc_a-findfp.o) (_fwalk_sglue)
C:/ST/STM32CubeIDE_1.14.1/STM32CubeIDE/plugins/com.st.stm32cube.ide.mcu.externaltools.gnu-tools-for-stm32.11.3.rel1.win32_1.1.100.202309141235/tools/bin/../lib/gcc/arm-none-eabi/11.3.1/../../../../arm-none-eabi/lib/thumb/v7-m/nofp\libc_nano.a(libc_a-stdio.o)
                              C:/ST/STM32CubeIDE_1.14.1/STM32CubeIDE/plugins/com.st.stm32cube.ide.mcu.externaltools.gnu-tools-for-stm32.11.3.rel1.win32_1.1.100.202309141235/tools/bin/../lib/gcc/arm-none-eabi/11.3.1/../../../../arm-none-eabi/lib/thumb/v7-m/nofp\libc_nano.a(libc_a-findfp.o) (__sread)
C:/ST/STM32CubeIDE_1.14.1/STM32CubeIDE/plugins/com.st.stm32cube.ide.mcu.externaltools.gnu-tools-for-stm32.11.3.rel1.win32_1.1.100.202309141235/tools/bin/../lib/gcc/arm-none-eabi/11.3.1/../../../../arm-none-eabi/lib/thumb/v7-m/nofp\libc_nano.a(libc_a-memset.o)
                              C:/ST/STM32CubeIDE_1.14.1/STM32CubeIDE/plugins/com.st.stm32cube.ide.mcu.externaltools.gnu-tools-for-stm32.11.3.rel1.win32_1.1.100.202309141235/tools/bin/../lib/gcc/arm-none-eabi/11.3.1/../../../../arm-none-eabi/lib/thumb/v7-m/nofp/crt0.o (memset)
C:/ST/STM32CubeIDE_1.14.1/STM32CubeIDE/plugins/com.st.stm32cube.ide.mcu.externaltools.gnu-tools-for-stm32.11.3.rel1.win32_1.1.100.202309141235/tools/bin/../lib/gcc/arm-none-eabi/11.3.1/../../../../arm-none-eabi/lib/thumb/v7-m/nofp\libc_nano.a(libc_a-closer.o)
                              C:/ST/STM32CubeIDE_1.14.1/STM32CubeIDE/plugins/com.st.stm32cube.ide.mcu.externaltools.gnu-tools-for-stm32.11.3.rel1.win32_1.1.100.202309141235/tools/bin/../lib/gcc/arm-none-eabi/11.3.1/../../../../arm-none-eabi/lib/thumb/v7-m/nofp\libc_nano.a(libc_a-stdio.o) (_close_r)
C:/ST/STM32CubeIDE_1.14.1/STM32CubeIDE/plugins/com.st.stm32cube.ide.mcu.externaltools.gnu-tools-for-stm32.11.3.rel1.win32_1.1.100.202309141235/tools/bin/../lib/gcc/arm-none-eabi/11.3.1/../../../../arm-none-eabi/lib/thumb/v7-m/nofp\libc_nano.a(libc_a-reent.o)
                              C:/ST/STM32CubeIDE_1.14.1/STM32CubeIDE/plugins/com.st.stm32cube.ide.mcu.externaltools.gnu-tools-for-stm32.11.3.rel1.win32_1.1.100.202309141235/tools/bin/../lib/gcc/arm-none-eabi/11.3.1/../../../../arm-none-eabi/lib/thumb/v7-m/nofp\libc_nano.a(libc_a-closer.o) (errno)
C:/ST/STM32CubeIDE_1.14.1/STM32CubeIDE/plugins/com.st.stm32cube.ide.mcu.externaltools.gnu-tools-for-stm32.11.3.rel1.win32_1.1.100.202309141235/tools/bin/../lib/gcc/arm-none-eabi/11.3.1/../../../../arm-none-eabi/lib/thumb/v7-m/nofp\libc_nano.a(libc_a-impure.o)
                              C:/ST/STM32CubeIDE_1.14.1/STM32CubeIDE/plugins/com.st.stm32cube.ide.mcu.externaltools.gnu-tools-for-stm32.11.3.rel1.win32_1.1.100.202309141235/tools/bin/../lib/gcc/arm-none-eabi/11.3.1/../../../../arm-none-eabi/lib/thumb/v7-m/nofp\libc_nano.a(libc_a-reent.o) (_impure_ptr)
C:/ST/STM32CubeIDE_1.14.1/STM32CubeIDE/plugins/com.st.stm32cube.ide.mcu.externaltools.gnu-tools-for-stm32.11.3.rel1.win32_1.1.100.202309141235/tools/bin/../lib/gcc/arm-none-eabi/11.3.1/../../../../arm-none-eabi/lib/thumb/v7-m/nofp\libc_nano.a(libc_a-lseekr.o)
[...]
Memory Configuration

Name             Origin             Length             Attributes
RAM              0x0000000020000000 0x0000000000005000 xrw
FLASH            0x0000000008000000 0x0000000000010000 xr
*default*        0x0000000000000000 0xffffffffffffffff

Linker script and memory map

LOAD C:/ST/STM32CubeIDE_1.14.1/STM32CubeIDE/plugins/com.st.stm32cube.ide.mcu.externaltools.gnu-tools-for-stm32.11.3.rel1.win32_1.1.100.202309141235/tools/bin/../lib/gcc/arm-none-eabi/11.3.1/thumb/v7-m/nofp/crti.o
LOAD C:/ST/STM32CubeIDE_1.14.1/STM32CubeIDE/plugins/com.st.stm32cube.ide.mcu.externaltools.gnu-tools-for-stm32.11.3.rel1.win32_1.1.100.202309141235/tools/bin/../lib/gcc/arm-none-eabi/11.3.1/thumb/v7-m/nofp/crtbegin.o
LOAD C:/ST/STM32CubeIDE_1.14.1/STM32CubeIDE/plugins/com.st.stm32cube.ide.mcu.externaltools.gnu-tools-for-stm32.11.3.rel1.win32_1.1.100.202309141235/tools/bin/../lib/gcc/arm-none-eabi/11.3.1/../../../../arm-none-eabi/lib/thumb/v7-m/nofp/crt0.o
LOAD ./Core/Src/HAL/DCMotor.o
LOAD ./Core/Src/HAL/DCMotor_cfg.o
LOAD ./Core/Src/HAL/bluetooth.o
LOAD ./Core/Src/drive.o
LOAD ./Core/Src/freertos.o
LOAD ./Core/Src/gpio.o
LOAD ./Core/Src/main.o
LOAD ./Core/Src/stm32f1xx_hal_msp.o
LOAD ./Core/Src/stm32f1xx_hal_timebase_tim.o
LOAD ./Core/Src/stm32f1xx_it.o
LOAD ./Core/Src/syscalls.o
LOAD ./Core/Src/sysmem.o
LOAD ./Core/Src/system_stm32f1xx.o
LOAD ./Core/Src/tim.o
LOAD ./Core/Src/usart.o
LOAD ./Core/Startup/startup_stm32f103c8tx.o
LOAD ./Drivers/STM32F1xx_HAL_Driver/Src/stm32f1xx_hal.o
LOAD ./Drivers/STM32F1xx_HAL_Driver/Src/stm32f1xx_hal_cortex.o
LOAD ./Drivers/STM32F1xx_HAL_Driver/Src/stm32f1xx_hal_dma.o
LOAD ./Drivers/STM32F1xx_HAL_Driver/Src/stm32f1xx_hal_exti.o
LOAD ./Drivers/STM32F1xx_HAL_Driver/Src/stm32f1xx_hal_flash.o
LOAD ./Drivers/STM32F1xx_HAL_Driver/Src/stm32f1xx_hal_flash_ex.o
LOAD ./Drivers/STM32F1xx_HAL_Driver/Src/stm32f1xx_hal_gpio.o
LOAD ./Drivers/STM32F1xx_HAL_Driver/Src/stm32f1xx_hal_gpio_ex.o
LOAD ./Drivers/STM32F1xx_HAL_Driver/Src/stm32f1xx_hal_pwr.o
LOAD ./Drivers/STM32F1xx_HAL_Driver/Src/stm32f1xx_hal_rcc.o
LOAD ./Drivers/STM32F1xx_HAL_Driver/Src/stm32f1xx_hal_rcc_ex.o
LOAD ./Drivers/STM32F1xx_HAL_Driver/Src/stm32f1xx_hal_tim.o
LOAD ./Drivers/STM32F1xx_HAL_Driver/Src/stm32f1xx_hal_tim_ex.o
LOAD ./Drivers/STM32F1xx_HAL_Driver/Src/stm32f1xx_hal_uart.o
LOAD ./Middlewares/Third_Party/FreeRTOS/Source/CMSIS_RTOS_V2/cmsis_os2.o
LOAD ./Middlewares/Third_Party/FreeRTOS/Source/croutine.o
LOAD ./Middlewares/Third_Party/FreeRTOS/Source/event_groups.o
LOAD ./Middlewares/Third_Party/FreeRTOS/Source/list.o
LOAD ./Middlewares/Third_Party/FreeRTOS/Source/queue.o
LOAD ./Middlewares/Third_Party/FreeRTOS/Source/stream_buffer.o
LOAD ./Middlewares/Third_Party/FreeRTOS/Source/tasks.o
LOAD ./Middlewares/Third_Party/FreeRTOS/Source/timers.o
LOAD ./Middlewares/Third_Party/FreeRTOS/Source/portable/GCC/ARM_CM3/port.o
LOAD ./Middlewares/Third_Party/FreeRTOS/Source/portable/MemMang/heap_4.o
START GROUP
LOAD C:/ST/STM32CubeIDE_1.14.1/STM32CubeIDE/plugins/com.st.stm32cube.ide.mcu.externaltools.gnu-tools-for-stm32.11.3.rel1.win32_1.1.100.202309141235/tools/bin/../lib/gcc/arm-none-eabi/11.3.1/../../../../arm-none-eabi/lib/thumb/v7-m/nofp\libc_nano.a
LOAD C:/ST/STM32CubeIDE_1.14.1/STM32CubeIDE/plugins/com.st.stm32cube.ide.mcu.externaltools.gnu-tools-for-stm32.11.3.rel1.win32_1.1.100.202309141235/tools/bin/../lib/gcc/arm-none-eabi/11.3.1/../../../../arm-none-eabi/lib/thumb/v7-m/nofp\libm.a
END GROUP
START GROUP
LOAD C:/ST/STM32CubeIDE_1.14.1/STM32CubeIDE/plugins/com.st.stm32cube.ide.mcu.externaltools.gnu-tools-for-stm32.11.3.rel1.win32_1.1.100.202309141235/tools/bin/../lib/gcc/arm-none-eabi/11.3.1/thumb/v7-m/nofp\libgcc.a
LOAD C:/ST/STM32CubeIDE_1.14.1/STM32CubeIDE/plugins/com.st.stm32cube.ide.mcu.externaltools.gnu-tools-for-stm32.11.3.rel1.win32_1.1.100.202309141235/tools/bin/../lib/gcc/arm-none-eabi/11.3.1/../../../../arm-none-eabi/lib/thumb/v7-m/nofp\libc_nano.a
END GROUP
START GROUP
LOAD C:/ST/STM32CubeIDE_1.14.1/STM32CubeIDE/plugins/com.st.stm32cube.ide.mcu.externaltools.gnu-tools-for-stm32.11.3.rel1.win32_1.1.100.202309141235/tools/bin/../lib/gcc/arm-none-eabi/11.3.1/thumb/v7-m/nofp\libgcc.a
LOAD C:/ST/STM32CubeIDE_1.14.1/STM32CubeIDE/plugins/com.st.stm32cube.ide.mcu.externaltools.gnu-tools-for-stm32.11.3.rel1.win32_1.1.100.202309141235/tools/bin/../lib/gcc/arm-none-eabi/11.3.1/../../../../arm-none-eabi/lib/thumb/v7-m/nofp\libc_nano.a
LOAD C:/ST/STM32CubeIDE_1.14.1/STM32CubeIDE/plugins/com.st.stm32cube.ide.mcu.externaltools.gnu-tools-for-stm32.11.3.rel1.win32_1.1.100.202309141235/tools/bin/../lib/gcc/arm-none-eabi/11.3.1/../../../../arm-none-eabi/lib/thumb/v7-m/nofp\libnosys.a
END GROUP
START GROUP
LOAD C:/ST/STM32CubeIDE_1.14.1/STM32CubeIDE/plugins/com.st.stm32cube.ide.mcu.externaltools.gnu-tools-for-stm32.11.3.rel1.win32_1.1.100.202309141235/tools/bin/../lib/gcc/arm-none-eabi/11.3.1/thumb/v7-m/nofp\libgcc.a
LOAD C:/ST/STM32CubeIDE_1.14.1/STM32CubeIDE/plugins/com.st.stm32cube.ide.mcu.externaltools.gnu-tools-for-stm32.11.3.rel1.win32_1.1.100.202309141235/tools/bin/../lib/gcc/arm-none-eabi/11.3.1/../../../../arm-none-eabi/lib/thumb/v7-m/nofp\libc_nano.a
LOAD C:/ST/STM32CubeIDE_1.14.1/STM32CubeIDE/plugins/com.st.stm32cube.ide.mcu.externaltools.gnu-tools-for-stm32.11.3.rel1.win32_1.1.100.202309141235/tools/bin/../lib/gcc/arm-none-eabi/11.3.1/../../../../arm-none-eabi/lib/thumb/v7-m/nofp\libnosys.a
END GROUP
LOAD C:/ST/STM32CubeIDE_1.14.1/STM32CubeIDE/plugins/com.st.stm32cube.ide.mcu.externaltools.gnu-tools-for-stm32.11.3.rel1.win32_1.1.100.202309141235/tools/bin/../lib/gcc/arm-none-eabi/11.3.1/thumb/v7-m/nofp/crtend.o
LOAD C:/ST/STM32CubeIDE_1.14.1/STM32CubeIDE/plugins/com.st.stm32cube.ide.mcu.externaltools.gnu-tools-for-stm32.11.3.rel1.win32_1.1.100.202309141235/tools/bin/../lib/gcc/arm-none-eabi/11.3.1/thumb/v7-m/nofp/crtn.o
                0x0000000020005000                _estack = (ORIGIN (RAM) + LENGTH (RAM))
                0x0000000000000200                _Min_Heap_Size = 0x200
                0x0000000000000400                _Min_Stack_Size = 0x400

.isr_vector     0x0000000008000000      0x10c
                0x0000000008000000                . = ALIGN (0x4)
 *(.isr_vector)
 .isr_vector    0x0000000008000000      0x10c ./Core/Startup/startup_stm32f103c8tx.o
                0x0000000008000000                g_pfnVectors
                0x000000000800010c                . = ALIGN (0x4)

.text           0x0000000008000110     0x6b08
                0x0000000008000110                . = ALIGN (0x4)
 *(.text)
 .text          0x0000000008000110       0x40 C:/ST/STM32CubeIDE_1.14.1/STM32CubeIDE/plugins/com.st.stm32cube.ide.mcu.externaltools.gnu-tools-for-stm32.11.3.rel1.win32_1.1.100.202309141235/tools/bin/../lib/gcc/arm-none-eabi/11.3.1/thumb/v7-m/nofp/crtbegin.o
 .text          0x0000000008000150      0x378 C:/ST/STM32CubeIDE_1.14.1/STM32CubeIDE/plugins/com.st.stm32cube.ide.mcu.externaltools.gnu-tools-for-stm32.11.3.rel1.win32_1.1.100.202309141235/tools/bin/../lib/gcc/arm-none-eabi/11.3.1/thumb/v7-m/nofp\libgcc.a(_arm_addsubdf3.o)
                0x0000000008000150                __aeabi_drsub
                0x0000000008000158                __aeabi_dsub
                0x0000000008000158                __subdf3
                0x000000000800015c                __aeabi_dadd
                0x000000000800015c                __adddf3
                0x00000000080003d4                __floatunsidf
                0x00000000080003d4                __aeabi_ui2d
                0x00000000080003f4                __floatsidf
                0x00000000080003f4                __aeabi_i2d
                0x0000000008000418                __aeabi_f2d
                0x0000000008000418                __extendsfdf2
                0x000000000800045c                __floatundidf
                0x000000000800045c                __aeabi_ul2d
                0x000000000800046c                __floatdidf
                0x000000000800046c                __aeabi_l2d
 .text          0x00000000080004c8      0x424 C:/ST/STM32CubeIDE_1.14.1/STM32CubeIDE/plugins/com.st.stm32cube.ide.mcu.externaltools.gnu-tools-for-stm32.11.3.rel1.win32_1.1.100.202309141235/tools/bin/../lib/gcc/arm-none-eabi/11.3.1/thumb/v7-m/nofp\libgcc.a(_arm_muldivdf3.o)
                0x00000000080004c8                __aeabi_dmul
                0x00000000080004c8                __muldf3
                0x000000000800071c                __divdf3
                0x000000000800071c                __aeabi_ddiv
 .text          0x00000000080008ec       0xa0 C:/ST/STM32CubeIDE_1.14.1/STM32CubeIDE/plugins/com.st.stm32cube.ide.mcu.externaltools.gnu-tools-for-stm32.11.3.rel1.win32_1.1.100.202309141235/tools/bin/../lib/gcc/arm-none-eabi/11.3.1/thumb/v7-m/nofp\libgcc.a(_arm_truncdfsf2.o)
                0x00000000080008ec                __truncdfsf2
                0x00000000080008ec                __aeabi_d2f
 .text          0x000000000800098c       0xec C:/ST/STM32CubeIDE_1.14.1/STM32CubeIDE/plugins/com.st.stm32cube.ide.mcu.externaltools.gnu-tools-for-stm32.11.3.rel1.win32_1.1.100.202309141235/tools/bin/../lib/gcc/arm-none-eabi/11.3.1/thumb/v7-m/nofp\libgcc.a(_arm_cmpsf2.o)
                0x000000000800098c                __gesf2
                0x000000000800098c                __gtsf2
                0x0000000008000994                __lesf2
                0x0000000008000994                __ltsf2
                0x000000000800099c                __nesf2
                0x000000000800099c                __eqsf2
                0x000000000800099c                __cmpsf2
                0x00000000080009fc                __aeabi_cfrcmple
                0x0000000008000a04                __aeabi_cfcmpeq
                0x0000000008000a04                __aeabi_cfcmple
                0x0000000008000a14                __aeabi_fcmpeq
                0x0000000008000a28                __aeabi_fcmplt
                0x0000000008000a3c                __aeabi_fcmple
                0x0000000008000a50                __aeabi_fcmpge
                0x0000000008000a64                __aeabi_fcmpgt
 *(.text*)
 .text.DCMotor_Start
                0x0000000008000a78       0xe4 ./Core/Src/HAL/DCMotor.o
                0x0000000008000a78                DCMotor_Start
 .text.DCMotor_Stop
                0x0000000008000b5c       0x60 ./Core/Src/HAL/DCMotor.o
                0x0000000008000b5c                DCMotor_Stop
 .text.DCMotor_StartReverse
                0x0000000008000bbc      0x140 ./Core/Src/HAL/DCMotor.o
                0x0000000008000bbc                DCMotor_StartReverse
 .text.DCMotor_SetSpeed
                0x0000000008000cfc       0xec ./Core/Src/HAL/DCMotor.o
                0x0000000008000cfc                DCMotor_SetSpeed
 .text.BL_ReadByteSync
                0x0000000008000de8       0x6c ./Core/Src/HAL/bluetooth.o
                0x0000000008000de8                BL_ReadByteSync
 .text.get_data_task
                0x0000000008000e54       0x20 ./Core/Src/drive.o
                0x0000000008000e54                get_data_task
 .text.drive_task
                0x0000000008000e74      0x1d4 ./Core/Src/drive.o
                0x0000000008000e74                drive_task
 .text.HCSR04_1_Read_task
                0x0000000008001048       0x48 ./Core/Src/drive.o
                0x0000000008001048                HCSR04_1_Read_task
 .text.HCSR04_2_Read_task
                0x0000000008001090       0x44 ./Core/Src/drive.o
                0x0000000008001090                HCSR04_2_Read_task
 .text.blind_spot_task
                0x00000000080010d4       0x48 ./Core/Src/drive.o
                0x00000000080010d4                blind_spot_task
 *fill*         0x000000000800111c        0x4 
 .text.HAL_TIM_IC_CaptureCallback
                0x0000000008001120      0x264 ./Core/Src/drive.o
                0x0000000008001120                HAL_TIM_IC_CaptureCallback
 .text.MX_FREERTOS_Init
                0x0000000008001384       0x24 ./Core/Src/freertos.o
                0x0000000008001384                MX_FREERTOS_Init
 .text.StartDefaultTask
                0x00000000080013a8       0x10 ./Core/Src/freertos.o
                0x00000000080013a8                StartDefaultTask
 .text.MX_GPIO_Init
                0x00000000080013b8       0xf0 ./Core/Src/gpio.o
                0x00000000080013b8                MX_GPIO_Init
 .text.main     0x00000000080014a8       0xf8 ./Core/Src/main.o
                0x00000000080014a8                main
 .text.SystemClock_Config
                0x00000000080015a0       0x76 ./Core/Src/main.o
                0x00000000080015a0                SystemClock_Config
 *fill*         0x0000000008001616        0x2 
 .text.HAL_TIM_PeriodElapsedCallback
                0x0000000008001618       0x24 ./Core/Src/main.o
                0x0000000008001618                HAL_TIM_PeriodElapsedCallback
 .text.Error_Handler
                0x000000000800163c        0xa ./Core/Src/main.o
                0x000000000800163c                Error_Handler
 *fill*         0x0000000008001646        0x2 
 .text.HAL_MspInit
                0x0000000008001648       0x70 ./Core/Src/stm32f1xx_hal_msp.o
                0x0000000008001648                HAL_MspInit
 .text.HAL_InitTick
                0x00000000080016b8       0xe4 ./Core/Src/stm32f1xx_hal_timebase_tim.o
                0x00000000080016b8                HAL_InitTick
 .text.NMI_Handler
                0x000000000800179c        0x6 ./Core/Src/stm32f1xx_it.o
                0x000000000800179c                NMI_Handler
 .text.HardFault_Handler
                0x00000000080017a2        0x6 ./Core/Src/stm32f1xx_it.o
                0x00000000080017a2                HardFault_Handler
 .text.MemManage_Handler
                0x00000000080017a8        0x6 ./Core/Src/stm32f1xx_it.o
                0x00000000080017a8                MemManage_Handler
 .text.BusFault_Handler
                0x00000000080017ae        0x6 ./Core/Src/stm32f1xx_it.o
                0x00000000080017ae                BusFault_Handler
 .text.UsageFault_Handler
                0x00000000080017b4        0x6 ./Core/Src/stm32f1xx_it.o
                0x00000000080017b4                UsageFault_Handler
 .text.DebugMon_Handler
                0x00000000080017ba        0xc ./Core/Src/stm32f1xx_it.o
                0x00000000080017ba                DebugMon_Handler
 *fill*         0x00000000080017c6        0x2 
 .text.TIM1_UP_IRQHandler
                0x00000000080017c8       0x14 ./Core/Src/stm32f1xx_it.o
                0x00000000080017c8                TIM1_UP_IRQHandler
 .text.SystemInit
                0x00000000080017dc        0xc ./Core/Src/system_stm32f1xx.o
                0x00000000080017dc                SystemInit
 .text.MX_TIM2_Init
                0x00000000080017e8       0xbc ./Core/Src/tim.o
                0x00000000080017e8                MX_TIM2_Init
 .text.MX_TIM3_Init
                0x00000000080018a4       0xec ./Core/Src/tim.o
                0x00000000080018a4                MX_TIM3_Init
 .text.HAL_TIM_IC_MspInit
                0x0000000008001990       0xd8 ./Core/Src/tim.o
                0x0000000008001990                HAL_TIM_IC_MspInit
 .text.HAL_TIM_Base_MspInit
                0x0000000008001a68       0x3c ./Core/Src/tim.o
                0x0000000008001a68                HAL_TIM_Base_MspInit
 .text.HAL_TIM_MspPostInit
                0x0000000008001aa4       0x64 ./Core/Src/tim.o
                0x0000000008001aa4                HAL_TIM_MspPostInit
 .text.MX_USART1_UART_Init
                0x0000000008001b08       0x54 ./Core/Src/usart.o
                0x0000000008001b08                MX_USART1_UART_Init
 .text.HAL_UART_MspInit
                0x0000000008001b5c       0x98 ./Core/Src/usart.o
                0x0000000008001b5c                HAL_UART_MspInit
 .text.Reset_Handler
                0x0000000008001bf4       0x48 ./Core/Startup/startup_stm32f103c8tx.o
                0x0000000008001bf4                Reset_Handler
 .text.Default_Handler
                0x0000000008001c3c        0x2 ./Core/Startup/startup_stm32f103c8tx.o
                0x0000000008001c3c                RTC_Alarm_IRQHandler
                0x0000000008001c3c                EXTI2_IRQHandler
                0x0000000008001c3c                TIM1_CC_IRQHandler
                0x0000000008001c3c                PVD_IRQHandler
                0x0000000008001c3c                EXTI3_IRQHandler
                0x0000000008001c3c                EXTI0_IRQHandler
                0x0000000008001c3c                I2C2_EV_IRQHandler
                0x0000000008001c3c                ADC1_2_IRQHandler
                0x0000000008001c3c                SPI1_IRQHandler
                0x0000000008001c3c                TAMPER_IRQHandler
                0x0000000008001c3c                DMA1_Channel4_IRQHandler
                0x0000000008001c3c                USART3_IRQHandler
                0x0000000008001c3c                RTC_IRQHandler
                0x0000000008001c3c                DMA1_Channel7_IRQHandler
                0x0000000008001c3c                CAN1_RX1_IRQHandler
                0x0000000008001c3c                TIM4_IRQHandler
                0x0000000008001c3c                I2C1_EV_IRQHandler
                0x0000000008001c3c                DMA1_Channel6_IRQHandler
                0x0000000008001c3c                TIM3_IRQHandler
                0x0000000008001c3c                RCC_IRQHandler
                0x0000000008001c3c                TIM1_TRG_COM_IRQHandler
                0x0000000008001c3c                DMA1_Channel1_IRQHandler
                0x0000000008001c3c                Default_Handler
                0x0000000008001c3c                EXTI15_10_IRQHandler
                0x0000000008001c3c                EXTI9_5_IRQHandler
                0x0000000008001c3c                SPI2_IRQHandler
                0x0000000008001c3c                DMA1_Channel5_IRQHandler
                0x0000000008001c3c                EXTI4_IRQHandler
                0x0000000008001c3c                USB_LP_CAN1_RX0_IRQHandler
                0x0000000008001c3c                USB_HP_CAN1_TX_IRQHandler
                0x0000000008001c3c                DMA1_Channel3_IRQHandler
                0x0000000008001c3c                WWDG_IRQHandler
                0x0000000008001c3c                TIM2_IRQHandler
                0x0000000008001c3c                TIM1_BRK_IRQHandler
                0x0000000008001c3c                EXTI1_IRQHandler
                0x0000000008001c3c                USART2_IRQHandler
                0x0000000008001c3c                I2C2_ER_IRQHandler
                0x0000000008001c3c                DMA1_Channel2_IRQHandler
                0x0000000008001c3c                CAN1_SCE_IRQHandler
                0x0000000008001c3c                FLASH_IRQHandler
                0x0000000008001c3c                USART1_IRQHandler
                0x0000000008001c3c                I2C1_ER_IRQHandler
                0x0000000008001c3c                USBWakeUp_IRQHandler
 *fill*         0x0000000008001c3e        0x2 
 .text.HAL_Init
                0x0000000008001c40       0x2c ./Drivers/STM32F1xx_HAL_Driver/Src/stm32f1xx_hal.o
                0x0000000008001c40                HAL_Init
 .text.HAL_IncTick
                0x0000000008001c6c       0x24 ./Drivers/STM32F1xx_HAL_Driver/Src/stm32f1xx_hal.o
                0x0000000008001c6c                HAL_IncTick
 .text.HAL_GetTick
                0x0000000008001c90       0x14 ./Drivers/STM32F1xx_HAL_Driver/Src/stm32f1xx_hal.o
                0x0000000008001c90                HAL_GetTick
 .text.__NVIC_SetPriorityGrouping
                0x0000000008001ca4       0x48 ./Drivers/STM32F1xx_HAL_Driver/Src/stm32f1xx_hal_cortex.o
 .text.__NVIC_GetPriorityGrouping
                0x0000000008001cec       0x1c ./Drivers/STM32F1xx_HAL_Driver/Src/stm32f1xx_hal_cortex.o
 .text.__NVIC_EnableIRQ
                0x0000000008001d08       0x38 ./Drivers/STM32F1xx_HAL_Driver/Src/stm32f1xx_hal_cortex.o
 .text.__NVIC_SetPriority
                0x0000000008001d40       0x54 ./Drivers/STM32F1xx_HAL_Driver/Src/stm32f1xx_hal_cortex.o
 .text.NVIC_EncodePriority
                0x0000000008001d94       0x64 ./Drivers/STM32F1xx_HAL_Driver/Src/stm32f1xx_hal_cortex.o
 .text.HAL_NVIC_SetPriorityGrouping
                0x0000000008001df8       0x16 ./Drivers/STM32F1xx_HAL_Driver/Src/stm32f1xx_hal_cortex.o
                0x0000000008001df8                HAL_NVIC_SetPriorityGrouping
 .text.HAL_NVIC_SetPriority
                0x0000000008001e0e       0x38 ./Drivers/STM32F1xx_HAL_Driver/Src/stm32f1xx_hal_cortex.o
                0x0000000008001e0e                HAL_NVIC_SetPriority
 .text.HAL_NVIC_EnableIRQ
                0x0000000008001e46       0x1c ./Drivers/STM32F1xx_HAL_Driver/Src/stm32f1xx_hal_cortex.o
                0x0000000008001e46                HAL_NVIC_EnableIRQ
 *fill*         0x0000000008001e62        0x2 
 .text.HAL_GPIO_Init
                0x0000000008001e64      0x308 ./Drivers/STM32F1xx_HAL_Driver/Src/stm32f1xx_hal_gpio.o
                0x0000000008001e64                HAL_GPIO_Init
 .text.HAL_GPIO_WritePin
                0x000000000800216c       0x30 ./Drivers/STM32F1xx_HAL_Driver/Src/stm32f1xx_hal_gpio.o
                0x000000000800216c                HAL_GPIO_WritePin
 .text.HAL_RCC_OscConfig
                0x000000000800219c      0x504 ./Drivers/STM32F1xx_HAL_Driver/Src/stm32f1xx_hal_rcc.o
                0x000000000800219c                HAL_RCC_OscConfig
 .text.HAL_RCC_ClockConfig
                0x00000000080026a0      0x1d4 ./Drivers/STM32F1xx_HAL_Driver/Src/stm32f1xx_hal_rcc.o
                0x00000000080026a0                HAL_RCC_ClockConfig
 .text.HAL_RCC_GetSysClockFreq
                0x0000000008002874       0xa8 ./Drivers/STM32F1xx_HAL_Driver/Src/stm32f1xx_hal_rcc.o
                0x0000000008002874                HAL_RCC_GetSysClockFreq
 .text.HAL_RCC_GetHCLKFreq
                0x000000000800291c       0x14 ./Drivers/STM32F1xx_HAL_Driver/Src/stm32f1xx_hal_rcc.o
                0x000000000800291c                HAL_RCC_GetHCLKFreq
 .text.HAL_RCC_GetPCLK1Freq
                0x0000000008002930       0x28 ./Drivers/STM32F1xx_HAL_Driver/Src/stm32f1xx_hal_rcc.o
                0x0000000008002930                HAL_RCC_GetPCLK1Freq
 .text.HAL_RCC_GetPCLK2Freq
                0x0000000008002958       0x28 ./Drivers/STM32F1xx_HAL_Driver/Src/stm32f1xx_hal_rcc.o
                0x0000000008002958                HAL_RCC_GetPCLK2Freq
 .text.HAL_RCC_GetClockConfig
                0x0000000008002980       0x60 ./Drivers/STM32F1xx_HAL_Driver/Src/stm32f1xx_hal_rcc.o
                0x0000000008002980                HAL_RCC_GetClockConfig
 .text.RCC_Delay
                0x00000000080029e0       0x3c ./Drivers/STM32F1xx_HAL_Driver/Src/stm32f1xx_hal_rcc.o
 .text.HAL_TIM_Base_Init
                0x0000000008002a1c       0x9e ./Drivers/STM32F1xx_HAL_Driver/Src/stm32f1xx_hal_tim.o
                0x0000000008002a1c                HAL_TIM_Base_Init
 *fill*         0x0000000008002aba        0x2 
 .text.HAL_TIM_Base_Start_IT
                0x0000000008002abc       0xa4 ./Drivers/STM32F1xx_HAL_Driver/Src/stm32f1xx_hal_tim.o
                0x0000000008002abc                HAL_TIM_Base_Start_IT
 .text.HAL_TIM_PWM_Init
                0x0000000008002b60       0x9e ./Drivers/STM32F1xx_HAL_Driver/Src/stm32f1xx_hal_tim.o
                0x0000000008002b60                HAL_TIM_PWM_Init
 .text.HAL_TIM_PWM_MspInit
                0x0000000008002bfe       0x12 ./Drivers/STM32F1xx_HAL_Driver/Src/stm32f1xx_hal_tim.o
                0x0000000008002bfe                HAL_TIM_PWM_MspInit
 .text.HAL_TIM_PWM_Start
                0x0000000008002c10      0x144 ./Drivers/STM32F1xx_HAL_Driver/Src/stm32f1xx_hal_tim.o
                0x0000000008002c10                HAL_TIM_PWM_Start
 .text.HAL_TIM_PWM_Stop
                0x0000000008002d54       0xc8 ./Drivers/STM32F1xx_HAL_Driver/Src/stm32f1xx_hal_tim.o
                0x0000000008002d54                HAL_TIM_PWM_Stop
 .text.HAL_TIM_IC_Init
                0x0000000008002e1c       0x9e ./Drivers/STM32F1xx_HAL_Driver/Src/stm32f1xx_hal_tim.o
                0x0000000008002e1c                HAL_TIM_IC_Init
 .text.HAL_TIM_IRQHandler
                0x0000000008002eba      0x210 ./Drivers/STM32F1xx_HAL_Driver/Src/stm32f1xx_hal_tim.o
                0x0000000008002eba                HAL_TIM_IRQHandler
 .text.HAL_TIM_IC_ConfigChannel
                0x00000000080030ca      0x138 ./Drivers/STM32F1xx_HAL_Driver/Src/stm32f1xx_hal_tim.o
                0x00000000080030ca                HAL_TIM_IC_ConfigChannel
 *fill*         0x0000000008003202        0x2 
 .text.HAL_TIM_PWM_ConfigChannel
                0x0000000008003204      0x184 ./Drivers/STM32F1xx_HAL_Driver/Src/stm32f1xx_hal_tim.o
                0x0000000008003204                HAL_TIM_PWM_ConfigChannel
 .text.HAL_TIM_ConfigClockSource
                0x0000000008003388      0x18e ./Drivers/STM32F1xx_HAL_Driver/Src/stm32f1xx_hal_tim.o
                0x0000000008003388                HAL_TIM_ConfigClockSource
 *fill*         0x0000000008003516        0x2 
 .text.HAL_TIM_ReadCapturedValue
                0x0000000008003518       0x88 ./Drivers/STM32F1xx_HAL_Driver/Src/stm32f1xx_hal_tim.o
                0x0000000008003518                HAL_TIM_ReadCapturedValue
 .text.HAL_TIM_OC_DelayElapsedCallback
                0x00000000080035a0       0x12 ./Drivers/STM32F1xx_HAL_Driver/Src/stm32f1xx_hal_tim.o
                0x00000000080035a0                HAL_TIM_OC_DelayElapsedCallback
 .text.HAL_TIM_PWM_PulseFinishedCallback
                0x00000000080035b2       0x12 ./Drivers/STM32F1xx_HAL_Driver/Src/stm32f1xx_hal_tim.o
                0x00000000080035b2                HAL_TIM_PWM_PulseFinishedCallback
 .text.HAL_TIM_TriggerCallback
                0x00000000080035c4       0x12 ./Drivers/STM32F1xx_HAL_Driver/Src/stm32f1xx_hal_tim.o
                0x00000000080035c4                HAL_TIM_TriggerCallback
 *fill*         0x00000000080035d6        0x2 
 .text.TIM_Base_SetConfig
                0x00000000080035d8       0xc4 ./Drivers/STM32F1xx_HAL_Driver/Src/stm32f1xx_hal_tim.o
                0x00000000080035d8                TIM_Base_SetConfig
 .text.TIM_OC1_SetConfig
                0x000000000800369c       0xcc ./Drivers/STM32F1xx_HAL_Driver/Src/stm32f1xx_hal_tim.o
 .text.TIM_OC2_SetConfig
                0x0000000008003768       0xd4 ./Drivers/STM32F1xx_HAL_Driver/Src/stm32f1xx_hal_tim.o
                0x0000000008003768                TIM_OC2_SetConfig
 .text.TIM_OC3_SetConfig
                0x000000000800383c       0xd4 ./Drivers/STM32F1xx_HAL_Driver/Src/stm32f1xx_hal_tim.o
 .text.TIM_OC4_SetConfig
                0x0000000008003910       0x9c ./Drivers/STM32F1xx_HAL_Driver/Src/stm32f1xx_hal_tim.o
 .text.TIM_TI1_SetConfig
                0x00000000080039ac       0xb4 ./Drivers/STM32F1xx_HAL_Driver/Src/stm32f1xx_hal_tim.o
                0x00000000080039ac                TIM_TI1_SetConfig
 .text.TIM_TI1_ConfigInputStage
                0x0000000008003a60       0x5c ./Drivers/STM32F1xx_HAL_Driver/Src/stm32f1xx_hal_tim.o
 .text.TIM_TI2_SetConfig
                0x0000000008003abc       0x78 ./Drivers/STM32F1xx_HAL_Driver/Src/stm32f1xx_hal_tim.o
 .text.TIM_TI2_ConfigInputStage
                0x0000000008003b34       0x5e ./Drivers/STM32F1xx_HAL_Driver/Src/stm32f1xx_hal_tim.o
 .text.TIM_TI3_SetConfig
                0x0000000008003b92       0x76 ./Drivers/STM32F1xx_HAL_Driver/Src/stm32f1xx_hal_tim.o
 .text.TIM_TI4_SetConfig
                0x0000000008003c08       0x78 ./Drivers/STM32F1xx_HAL_Driver/Src/stm32f1xx_hal_tim.o
 .text.TIM_ITRx_SetConfig
                0x0000000008003c80       0x34 ./Drivers/STM32F1xx_HAL_Driver/Src/stm32f1xx_hal_tim.o
 .text.TIM_ETR_SetConfig
                0x0000000008003cb4       0x3e ./Drivers/STM32F1xx_HAL_Driver/Src/stm32f1xx_hal_tim.o
                0x0000000008003cb4                TIM_ETR_SetConfig
 .text.TIM_CCxChannelCmd
                0x0000000008003cf2       0x48 ./Drivers/STM32F1xx_HAL_Driver/Src/stm32f1xx_hal_tim.o
                0x0000000008003cf2                TIM_CCxChannelCmd
 *fill*         0x0000000008003d3a        0x2 
 .text.HAL_TIMEx_MasterConfigSynchronization
                0x0000000008003d3c       0xbc ./Drivers/STM32F1xx_HAL_Driver/Src/stm32f1xx_hal_tim_ex.o
                0x0000000008003d3c                HAL_TIMEx_MasterConfigSynchronization
 .text.HAL_TIMEx_CommutCallback
                0x0000000008003df8       0x12 ./Drivers/STM32F1xx_HAL_Driver/Src/stm32f1xx_hal_tim_ex.o
                0x0000000008003df8                HAL_TIMEx_CommutCallback
 .text.HAL_TIMEx_BreakCallback
                0x0000000008003e0a       0x12 ./Drivers/STM32F1xx_HAL_Driver/Src/stm32f1xx_hal_tim_ex.o
                0x0000000008003e0a                HAL_TIMEx_BreakCallback
 .text.HAL_UART_Init
                0x0000000008003e1c       0xa0 ./Drivers/STM32F1xx_HAL_Driver/Src/stm32f1xx_hal_uart.o
                0x0000000008003e1c                HAL_UART_Init
 .text.HAL_UART_Receive
                0x0000000008003ebc      0x124 ./Drivers/STM32F1xx_HAL_Driver/Src/stm32f1xx_hal_uart.o
                0x0000000008003ebc                HAL_UART_Receive
 .text.UART_WaitOnFlagUntilTimeout
                0x0000000008003fe0       0xdc ./Drivers/STM32F1xx_HAL_Driver/Src/stm32f1xx_hal_uart.o
 .text.UART_SetConfig
                0x00000000080040bc      0x11c ./Drivers/STM32F1xx_HAL_Driver/Src/stm32f1xx_hal_uart.o
 .text.osKernelInitialize
                0x00000000080041d8       0x64 ./Middlewares/Third_Party/FreeRTOS/Source/CMSIS_RTOS_V2/cmsis_os2.o
                0x00000000080041d8                osKernelInitialize
 .text.osKernelStart
                0x000000000800423c       0x68 ./Middlewares/Third_Party/FreeRTOS/Source/CMSIS_RTOS_V2/cmsis_os2.o
                0x000000000800423c                osKernelStart
 .text.osThreadNew
                0x00000000080042a4      0x154 ./Middlewares/Third_Party/FreeRTOS/Source/CMSIS_RTOS_V2/cmsis_os2.o
                0x00000000080042a4                osThreadNew
 .text.osDelay  0x00000000080043f8       0x5c ./Middlewares/Third_Party/FreeRTOS/Source/CMSIS_RTOS_V2/cmsis_os2.o
                0x00000000080043f8                osDelay
 .text.vApplicationGetIdleTaskMemory
                0x0000000008004454       0x30 ./Middlewares/Third_Party/FreeRTOS/Source/CMSIS_RTOS_V2/cmsis_os2.o
                0x0000000008004454                vApplicationGetIdleTaskMemory
 .text.vApplicationGetTimerTaskMemory
                0x0000000008004484       0x34 ./Middlewares/Third_Party/FreeRTOS/Source/CMSIS_RTOS_V2/cmsis_os2.o
                0x0000000008004484                vApplicationGetTimerTaskMemory
 .text.vListInitialise
                0x00000000080044b8       0x3e ./Middlewares/Third_Party/FreeRTOS/Source/list.o
                0x00000000080044b8                vListInitialise
 .text.vListInitialiseItem
                0x00000000080044f6       0x18 ./Middlewares/Third_Party/FreeRTOS/Source/list.o
                0x00000000080044f6                vListInitialiseItem
 .text.vListInsertEnd
                0x000000000800450e       0x46 ./Middlewares/Third_Party/FreeRTOS/Source/list.o
                0x000000000800450e                vListInsertEnd
 .text.vListInsert
                0x0000000008004554       0x70 ./Middlewares/Third_Party/FreeRTOS/Source/list.o
                0x0000000008004554                vListInsert
 .text.uxListRemove
                0x00000000080045c4       0x52 ./Middlewares/Third_Party/FreeRTOS/Source/list.o
                0x00000000080045c4                uxListRemove
 *fill*         0x0000000008004616        0x2 
 .text.xQueueGenericReset
                0x0000000008004618       0xd0 ./Middlewares/Third_Party/FreeRTOS/Source/queue.o
                0x0000000008004618                xQueueGenericReset
 .text.xQueueGenericCreateStatic
                0x00000000080046e8       0xee ./Middlewares/Third_Party/FreeRTOS/Source/queue.o
                0x00000000080046e8                xQueueGenericCreateStatic
 .text.prvInitialiseNewQueue
                0x00000000080047d6       0x46 ./Middlewares/Third_Party/FreeRTOS/Source/queue.o
 .text.xQueueGenericSend
                0x000000000800481c      0x1fc ./Middlewares/Third_Party/FreeRTOS/Source/queue.o
                0x000000000800481c                xQueueGenericSend
 .text.xQueueGenericSendFromISR
                0x0000000008004a18      0x130 ./Middlewares/Third_Party/FreeRTOS/Source/queue.o
                0x0000000008004a18                xQueueGenericSendFromISR
 .text.xQueueReceive
                0x0000000008004b48      0x1c0 ./Middlewares/Third_Party/FreeRTOS/Source/queue.o
                0x0000000008004b48                xQueueReceive
 .text.prvCopyDataToQueue
                0x0000000008004d08       0xd4 ./Middlewares/Third_Party/FreeRTOS/Source/queue.o
 .text.prvCopyDataFromQueue
                0x0000000008004ddc       0x4c ./Middlewares/Third_Party/FreeRTOS/Source/queue.o
 .text.prvUnlockQueue
                0x0000000008004e28       0xa4 ./Middlewares/Third_Party/FreeRTOS/Source/queue.o
 .text.prvIsQueueEmpty
                0x0000000008004ecc       0x2c ./Middlewares/Third_Party/FreeRTOS/Source/queue.o
 .text.prvIsQueueFull
                0x0000000008004ef8       0x30 ./Middlewares/Third_Party/FreeRTOS/Source/queue.o
 .text.vQueueAddToRegistry
                0x0000000008004f28       0x50 ./Middlewares/Third_Party/FreeRTOS/Source/queue.o
                0x0000000008004f28                vQueueAddToRegistry
 .text.vQueueWaitForMessageRestricted
                0x0000000008004f78       0x68 ./Middlewares/Third_Party/FreeRTOS/Source/queue.o
                0x0000000008004f78                vQueueWaitForMessageRestricted
 .text.xTaskCreateStatic
                0x0000000008004fe0       0xb8 ./Middlewares/Third_Party/FreeRTOS/Source/tasks.o
                0x0000000008004fe0                xTaskCreateStatic
 .text.xTaskCreate
                0x0000000008005098       0x8a ./Middlewares/Third_Party/FreeRTOS/Source/tasks.o
                0x0000000008005098                xTaskCreate
 .text.prvInitialiseNewTask
                0x0000000008005122      0x10e ./Middlewares/Third_Party/FreeRTOS/Source/tasks.o
 .text.prvAddNewTaskToReadyList
                0x0000000008005230       0xe0 ./Middlewares/Third_Party/FreeRTOS/Source/tasks.o
 .text.vTaskDelay
                0x0000000008005310       0x68 ./Middlewares/Third_Party/FreeRTOS/Source/tasks.o
                0x0000000008005310                vTaskDelay
 .text.vTaskStartScheduler
                0x0000000008005378       0xcc ./Middlewares/Third_Party/FreeRTOS/Source/tasks.o
                0x0000000008005378                vTaskStartScheduler
 .text.vTaskSuspendAll
                0x0000000008005444       0x1c ./Middlewares/Third_Party/FreeRTOS/Source/tasks.o
                0x0000000008005444                vTaskSuspendAll
 .text.xTaskResumeAll
                0x0000000008005460      0x13c ./Middlewares/Third_Party/FreeRTOS/Source/tasks.o
                0x0000000008005460                xTaskResumeAll
 .text.xTaskGetTickCount
                0x000000000800559c       0x1c ./Middlewares/Third_Party/FreeRTOS/Source/tasks.o
                0x000000000800559c                xTaskGetTickCount
 .text.xTaskIncrementTick
                0x00000000080055b8      0x17c ./Middlewares/Third_Party/FreeRTOS/Source/tasks.o
                0x00000000080055b8                xTaskIncrementTick
 .text.vTaskSwitchContext
                0x0000000008005734       0xb8 ./Middlewares/Third_Party/FreeRTOS/Source/tasks.o
                0x0000000008005734                vTaskSwitchContext
 .text.vTaskPlaceOnEventList
                0x00000000080057ec       0x48 ./Middlewares/Third_Party/FreeRTOS/Source/tasks.o
                0x00000000080057ec                vTaskPlaceOnEventList
 .text.vTaskPlaceOnEventListRestricted
                0x0000000008005834       0x58 ./Middlewares/Third_Party/FreeRTOS/Source/tasks.o
                0x0000000008005834                vTaskPlaceOnEventListRestricted
 .text.xTaskRemoveFromEventList
                0x000000000800588c       0xc8 ./Middlewares/Third_Party/FreeRTOS/Source/tasks.o
                0x000000000800588c                xTaskRemoveFromEventList
 .text.vTaskInternalSetTimeOutState
                0x0000000008005954       0x2c ./Middlewares/Third_Party/FreeRTOS/Source/tasks.o
                0x0000000008005954                vTaskInternalSetTimeOutState
 .text.xTaskCheckForTimeOut
                0x0000000008005980       0xc4 ./Middlewares/Third_Party/FreeRTOS/Source/tasks.o
                0x0000000008005980                xTaskCheckForTimeOut
 .text.vTaskMissedYield
                0x0000000008005a44       0x18 ./Middlewares/Third_Party/FreeRTOS/Source/tasks.o
                0x0000000008005a44                vTaskMissedYield
 .text.prvIdleTask
                0x0000000008005a5c       0x30 ./Middlewares/Third_Party/FreeRTOS/Source/tasks.o
 .text.prvInitialiseTaskLists
                0x0000000008005a8c       0x80 ./Middlewares/Third_Party/FreeRTOS/Source/tasks.o
 .text.prvCheckTasksWaitingTermination
                0x0000000008005b0c       0x5c ./Middlewares/Third_Party/FreeRTOS/Source/tasks.o
 .text.prvDeleteTCB
                0x0000000008005b68       0x5e ./Middlewares/Third_Party/FreeRTOS/Source/tasks.o
 *fill*         0x0000000008005bc6        0x2 
 .text.prvResetNextTaskUnblockTime
                0x0000000008005bc8       0x48 ./Middlewares/Third_Party/FreeRTOS/Source/tasks.o
 .text.xTaskGetSchedulerState
                0x0000000008005c10       0x3c ./Middlewares/Third_Party/FreeRTOS/Source/tasks.o
                0x0000000008005c10                xTaskGetSchedulerState
 .text.xTaskPriorityDisinherit
                0x0000000008005c4c       0xdc ./Middlewares/Third_Party/FreeRTOS/Source/tasks.o
                0x0000000008005c4c                xTaskPriorityDisinherit
 .text.prvAddCurrentTaskToDelayedList
                0x0000000008005d28       0xa8 ./Middlewares/Third_Party/FreeRTOS/Source/tasks.o
 .text.xTimerCreateTimerTask
                0x0000000008005dd0       0x90 ./Middlewares/Third_Party/FreeRTOS/Source/timers.o
                0x0000000008005dd0                xTimerCreateTimerTask
 .text.xTimerGenericCommand
                0x0000000008005e60       0x9c ./Middlewares/Third_Party/FreeRTOS/Source/timers.o
                0x0000000008005e60                xTimerGenericCommand
 .text.prvProcessExpiredTimer
                0x0000000008005efc       0x80 ./Middlewares/Third_Party/FreeRTOS/Source/timers.o
 .text.prvTimerTask
                0x0000000008005f7c       0x24 ./Middlewares/Third_Party/FreeRTOS/Source/timers.o
 .text.prvProcessTimerOrBlockTask
                0x0000000008005fa0       0x9c ./Middlewares/Third_Party/FreeRTOS/Source/timers.o
 .text.prvGetNextExpireTime
                0x000000000800603c       0x48 ./Middlewares/Third_Party/FreeRTOS/Source/timers.o
 .text.prvSampleTimeNow
                0x0000000008006084       0x40 ./Middlewares/Third_Party/FreeRTOS/Source/timers.o
 .text.prvInsertTimerInActiveList
                0x00000000080060c4       0x84 ./Middlewares/Third_Party/FreeRTOS/Source/timers.o
 .text.prvProcessReceivedCommands
                0x0000000008006148      0x168 ./Middlewares/Third_Party/FreeRTOS/Source/timers.o
 .text.prvSwitchTimerLists
                0x00000000080062b0       0xc4 ./Middlewares/Third_Party/FreeRTOS/Source/timers.o
 .text.prvCheckForValidListAndQueue
                0x0000000008006374       0x80 ./Middlewares/Third_Party/FreeRTOS/Source/timers.o
 .text.pxPortInitialiseStack
                0x00000000080063f4       0x58 ./Middlewares/Third_Party/FreeRTOS/Source/portable/GCC/ARM_CM3/port.o
                0x00000000080063f4                pxPortInitialiseStack
 .text.prvTaskExitError
                0x000000000800644c       0x58 ./Middlewares/Third_Party/FreeRTOS/Source/portable/GCC/ARM_CM3/port.o
 *fill*         0x00000000080064a4        0xc 
 .text.SVC_Handler
                0x00000000080064b0       0x28 ./Middlewares/Third_Party/FreeRTOS/Source/portable/GCC/ARM_CM3/port.o
                0x00000000080064b0                SVC_Handler
 .text.prvPortStartFirstTask
                0x00000000080064d8       0x20 ./Middlewares/Third_Party/FreeRTOS/Source/portable/GCC/ARM_CM3/port.o
 .text.xPortStartScheduler
                0x00000000080064f8       0xe4 ./Middlewares/Third_Party/FreeRTOS/Source/portable/GCC/ARM_CM3/port.o
                0x00000000080064f8                xPortStartScheduler
 .text.vPortEnterCritical
                0x00000000080065dc       0x60 ./Middlewares/Third_Party/FreeRTOS/Source/portable/GCC/ARM_CM3/port.o
                0x00000000080065dc                vPortEnterCritical
 .text.vPortExitCritical
                0x000000000800663c       0x50 ./Middlewares/Third_Party/FreeRTOS/Source/portable/GCC/ARM_CM3/port.o
                0x000000000800663c                vPortExitCritical
 *fill*         0x000000000800668c        0x4 
 .text.PendSV_Handler
                0x0000000008006690       0x48 ./Middlewares/Third_Party/FreeRTOS/Source/portable/GCC/ARM_CM3/port.o
                0x0000000008006690                PendSV_Handler
 .text.SysTick_Handler
                0x00000000080066d8       0x44 ./Middlewares/Third_Party/FreeRTOS/Source/portable/GCC/ARM_CM3/port.o
                0x00000000080066d8                SysTick_Handler
 .text.vPortSetupTimerInterrupt
                0x000000000800671c       0x44 ./Middlewares/Third_Party/FreeRTOS/Source/portable/GCC/ARM_CM3/port.o
                0x000000000800671c                vPortSetupTimerInterrupt
 .text.vPortValidateInterruptPriority
                0x0000000008006760       0x7c ./Middlewares/Third_Party/FreeRTOS/Source/portable/GCC/ARM_CM3/port.o
                0x0000000008006760                vPortValidateInterruptPriority
 .text.pvPortMalloc
                0x00000000080067dc      0x188 ./Middlewares/Third_Party/FreeRTOS/Source/portable/MemMang/heap_4.o
                0x00000000080067dc                pvPortMalloc
 .text.vPortFree
                0x0000000008006964       0xb4 ./Middlewares/Third_Party/FreeRTOS/Source/portable/MemMang/heap_4.o
                0x0000000008006964                vPortFree
 .text.prvHeapInit
                0x0000000008006a18       0xc4 ./Middlewares/Third_Party/FreeRTOS/Source/portable/MemMang/heap_4.o
 .text.prvInsertBlockIntoFreeList
                0x0000000008006adc       0xb0 ./Middlewares/Third_Party/FreeRTOS/Source/portable/MemMang/heap_4.o
 .text.memset   0x0000000008006b8c       0x10 C:/ST/STM32CubeIDE_1.14.1/STM32CubeIDE/plugins/com.st.stm32cube.ide.mcu.externaltools.gnu-tools-for-stm32.11.3.rel1.win32_1.1.100.202309141235/tools/bin/../lib/gcc/arm-none-eabi/11.3.1/../../../../arm-none-eabi/lib/thumb/v7-m/nofp\libc_nano.a(libc_a-memset.o)
                0x0000000008006b8c                memset
 .text.__libc_init_array
                0x0000000008006b9c       0x48 C:/ST/STM32CubeIDE_1.14.1/STM32CubeIDE/plugins/com.st.stm32cube.ide.mcu.externaltools.gnu-tools-for-stm32.11.3.rel1.win32_1.1.100.202309141235/tools/bin/../lib/gcc/arm-none-eabi/11.3.1/../../../../arm-none-eabi/lib/thumb/v7-m/nofp\libc_nano.a(libc_a-init.o)
                0x0000000008006b9c                __libc_init_array
 .text.memcpy   0x0000000008006be4       0x1c C:/ST/STM32CubeIDE_1.14.1/STM32CubeIDE/plugins/com.st.stm32cube.ide.mcu.externaltools.gnu-tools-for-stm32.11.3.rel1.win32_1.1.100.202309141235/tools/bin/../lib/gcc/arm-none-eabi/11.3.1/../../../../arm-none-eabi/lib/thumb/v7-m/nofp\libc_nano.a(libc_a-memcpy-stub.o)
                0x0000000008006be4                memcpy
 *(.glue_7)
 .glue_7        0x0000000008006c00        0x0 linker stubs
 *(.glue_7t)
 .glue_7t       0x0000000008006c00        0x0 linker stubs
 *(.eh_frame)
 .eh_frame      0x0000000008006c00        0x0 C:/ST/STM32CubeIDE_1.14.1/STM32CubeIDE/plugins/com.st.stm32cube.ide.mcu.externaltools.gnu-tools-for-stm32.11.3.rel1.win32_1.1.100.202309141235/tools/bin/../lib/gcc/arm-none-eabi/11.3.1/thumb/v7-m/nofp/crtbegin.o
 *(.init)
 .init          0x0000000008006c00        0x4 C:/ST/STM32CubeIDE_1.14.1/STM32CubeIDE/plugins/com.st.stm32cube.ide.mcu.externaltools.gnu-tools-for-stm32.11.3.rel1.win32_1.1.100.202309141235/tools/bin/../lib/gcc/arm-none-eabi/11.3.1/thumb/v7-m/nofp/crti.o
                0x0000000008006c00                _init
 .init          0x0000000008006c04        0x8 C:/ST/STM32CubeIDE_1.14.1/STM32CubeIDE/plugins/com.st.stm32cube.ide.mcu.externaltools.gnu-tools-for-stm32.11.3.rel1.win32_1.1.100.202309141235/tools/bin/../lib/gcc/arm-none-eabi/11.3.1/thumb/v7-m/nofp/crtn.o
 *(.fini)
 .fini          0x0000000008006c0c        0x4 C:/ST/STM32CubeIDE_1.14.1/STM32CubeIDE/plugins/com.st.stm32cube.ide.mcu.externaltools.gnu-tools-for-stm32.11.3.rel1.win32_1.1.100.202309141235/tools/bin/../lib/gcc/arm-none-eabi/11.3.1/thumb/v7-m/nofp/crti.o
                0x0000000008006c0c                _fini
 .fini          0x0000000008006c10        0x8 C:/ST/STM32CubeIDE_1.14.1/STM32CubeIDE/plugins/com.st.stm32cube.ide.mcu.externaltools.gnu-tools-for-stm32.11.3.rel1.win32_1.1.100.202309141235/tools/bin/../lib/gcc/arm-none-eabi/11.3.1/thumb/v7-m/nofp/crtn.o
                0x0000000008006c18                . = ALIGN (0x4)
                0x0000000008006c18                _etext = .

.vfp11_veneer   0x0000000008006c18        0x0
 .vfp11_veneer  0x0000000008006c18        0x0 linker stubs

.v4_bx          0x0000000008006c18        0x0
 .v4_bx         0x0000000008006c18        0x0 linker stubs

.iplt           0x0000000008006c18        0x0
 .iplt          0x0000000008006c18        0x0 C:/ST/STM32CubeIDE_1.14.1/STM32CubeIDE/plugins/com.st.stm32cube.ide.mcu.externaltools.gnu-tools-for-stm32.11.3.rel1.win32_1.1.100.202309141235/tools/bin/../lib/gcc/arm-none-eabi/11.3.1/thumb/v7-m/nofp/crtbegin.o

.rodata         0x0000000008006c18       0xec
                0x0000000008006c18                . = ALIGN (0x4)
 *(.rodata)
 .rodata        0x0000000008006c18        0xc ./Core/Src/freertos.o
 .rodata        0x0000000008006c24       0x50 ./Core/Src/main.o
 .rodata        0x0000000008006c74        0x5 ./Middlewares/Third_Party/FreeRTOS/Source/tasks.o
 *fill*         0x0000000008006c79        0x3 
 .rodata        0x0000000008006c7c        0xd ./Middlewares/Third_Party/FreeRTOS/Source/timers.o
 *(.rodata*)
 *fill*         0x0000000008006c89        0x3 
 .rodata.DCMotors
                0x0000000008006c8c       0x28 ./Core/Src/HAL/DCMotor_cfg.o
                0x0000000008006c8c                DCMotors
 .rodata.defaultTask_attributes
                0x0000000008006cb4       0x24 ./Core/Src/freertos.o
                0x0000000008006cb4                defaultTask_attributes
 .rodata.AHBPrescTable
                0x0000000008006cd8       0x10 ./Core/Src/system_stm32f1xx.o
                0x0000000008006cd8                AHBPrescTable
 .rodata.APBPrescTable
                0x0000000008006ce8        0x8 ./Core/Src/system_stm32f1xx.o
                0x0000000008006ce8                APBPrescTable
 .rodata.aPLLMULFactorTable.1
                0x0000000008006cf0       0x10 ./Drivers/STM32F1xx_HAL_Driver/Src/stm32f1xx_hal_rcc.o
 .rodata.aPredivFactorTable.0
                0x0000000008006d00        0x2 ./Drivers/STM32F1xx_HAL_Driver/Src/stm32f1xx_hal_rcc.o
                0x0000000008006d04                . = ALIGN (0x4)
 *fill*         0x0000000008006d02        0x2 

.ARM.extab      0x0000000008006d04        0x0
                0x0000000008006d04                . = ALIGN (0x4)
 *(.ARM.extab* .gnu.linkonce.armextab.*)
                0x0000000008006d04                . = ALIGN (0x4)

.ARM            0x0000000008006d04        0x0
                0x0000000008006d04                . = ALIGN (0x4)
                0x0000000008006d04                __exidx_start = .
 *(.ARM.exidx*)
                0x0000000008006d04                __exidx_end = .
                0x0000000008006d04                . = ALIGN (0x4)

.preinit_array  0x0000000008006d04        0x0
                0x0000000008006d04                . = ALIGN (0x4)
                0x0000000008006d04                PROVIDE (__preinit_array_start = .)
 *(.preinit_array*)
                0x0000000008006d04                PROVIDE (__preinit_array_end = .)
                0x0000000008006d04                . = ALIGN (0x4)

.init_array     0x0000000008006d04        0x4
                0x0000000008006d04                . = ALIGN (0x4)
                0x0000000008006d04                PROVIDE (__init_array_start = .)
 *(SORT_BY_NAME(.init_array.*))
 *(.init_array*)
 .init_array    0x0000000008006d04        0x4 C:/ST/STM32CubeIDE_1.14.1/STM32CubeIDE/plugins/com.st.stm32cube.ide.mcu.externaltools.gnu-tools-for-stm32.11.3.rel1.win32_1.1.100.202309141235/tools/bin/../lib/gcc/arm-none-eabi/11.3.1/thumb/v7-m/nofp/crtbegin.o
                0x0000000008006d08                PROVIDE (__init_array_end = .)
                0x0000000008006d08                . = ALIGN (0x4)

.fini_array     0x0000000008006d08        0x4
                0x0000000008006d08                . = ALIGN (0x4)
                [!provide]                        PROVIDE (__fini_array_start = .)
 *(SORT_BY_NAME(.fini_array.*))
 *(.fini_array*)
 .fini_array    0x0000000008006d08        0x4 C:/ST/STM32CubeIDE_1.14.1/STM32CubeIDE/plugins/com.st.stm32cube.ide.mcu.externaltools.gnu-tools-for-stm32.11.3.rel1.win32_1.1.100.202309141235/tools/bin/../lib/gcc/arm-none-eabi/11.3.1/thumb/v7-m/nofp/crtbegin.o
                [!provide]                        PROVIDE (__fini_array_end = .)
                0x0000000008006d0c                . = ALIGN (0x4)
                0x0000000008006d0c                _sidata = LOADADDR (.data)

.rel.dyn        0x0000000008006d0c        0x0
 .rel.iplt      0x0000000008006d0c        0x0 C:/ST/STM32CubeIDE_1.14.1/STM32CubeIDE/plugins/com.st.stm32cube.ide.mcu.externaltools.gnu-tools-for-stm32.11.3.rel1.win32_1.1.100.202309141235/tools/bin/../lib/gcc/arm-none-eabi/11.3.1/thumb/v7-m/nofp/crtbegin.o

.data           0x0000000020000000       0x28 load address 0x0000000008006d0c
                0x0000000020000000                . = ALIGN (0x4)
                0x0000000020000000                _sdata = .
 *(.data)
 *(.data*)
 .data.Motor_Speed
                0x0000000020000000        0x8 ./Core/Src/HAL/DCMotor.o
 .data.CarInfo  0x0000000020000008       0x10 ./Core/Src/drive.o
                0x0000000020000008                CarInfo
 .data.SystemCoreClock
                0x0000000020000018        0x4 ./Core/Src/system_stm32f1xx.o
                0x0000000020000018                SystemCoreClock
 .data.uwTickPrio
                0x000000002000001c        0x4 ./Drivers/STM32F1xx_HAL_Driver/Src/stm32f1xx_hal.o
                0x000000002000001c                uwTickPrio
 .data.uwTickFreq
                0x0000000020000020        0x1 ./Drivers/STM32F1xx_HAL_Driver/Src/stm32f1xx_hal.o
                0x0000000020000020                uwTickFreq
 *fill*         0x0000000020000021        0x3 
 .data.uxCriticalNesting
                0x0000000020000024        0x4 ./Middlewares/Third_Party/FreeRTOS/Source/portable/GCC/ARM_CM3/port.o
 *(.RamFunc)
 *(.RamFunc*)
                0x0000000020000028                . = ALIGN (0x4)
                0x0000000020000028                _edata = .

.igot.plt       0x0000000020000028        0x0 load address 0x0000000008006d34
 .igot.plt      0x0000000020000028        0x0 C:/ST/STM32CubeIDE_1.14.1/STM32CubeIDE/plugins/com.st.stm32cube.ide.mcu.externaltools.gnu-tools-for-stm32.11.3.rel1.win32_1.1.100.202309141235/tools/bin/../lib/gcc/arm-none-eabi/11.3.1/thumb/v7-m/nofp/crtbegin.o
                0x0000000020000028                . = ALIGN (0x4)

.bss            0x0000000020000028     0x1ab4 load address 0x0000000008006d34
                0x0000000020000028                _sbss = .
                0x0000000020000028                __bss_start__ = _sbss
 *(.bss)
 .bss           0x0000000020000028       0x1c C:/ST/STM32CubeIDE_1.14.1/STM32CubeIDE/plugins/com.st.stm32cube.ide.mcu.externaltools.gnu-tools-for-stm32.11.3.rel1.win32_1.1.100.202309141235/tools/bin/../lib/gcc/arm-none-eabi/11.3.1/thumb/v7-m/nofp/crtbegin.o
 *(.bss*)
 .bss.Data      0x0000000020000044        0x1 ./Core/Src/HAL/bluetooth.o
                0x0000000020000044                Data
 .bss.Is_First_Captured_CH1
                0x0000000020000045        0x1 ./Core/Src/drive.o
 *fill*         0x0000000020000046        0x2 
 .bss.IC_Val1_CH1
                0x0000000020000048        0x4 ./Core/Src/drive.o
 .bss.IC_Val2_CH1
                0x000000002000004c        0x4 ./Core/Src/drive.o
 .bss.Difference_CH1
                0x0000000020000050        0x4 ./Core/Src/drive.o
 .bss.Distance_CH1
                0x0000000020000054        0x4 ./Core/Src/drive.o
                0x0000000020000054                Distance_CH1
 .bss.Is_First_Captured_CH2
                0x0000000020000058        0x1 ./Core/Src/drive.o
 *fill*         0x0000000020000059        0x3 
 .bss.IC_Val1_CH2
                0x000000002000005c        0x4 ./Core/Src/drive.o
 .bss.IC_Val2_CH2
                0x0000000020000060        0x4 ./Core/Src/drive.o
 .bss.Difference_CH2
                0x0000000020000064        0x4 ./Core/Src/drive.o
 .bss.Distance_CH2
                0x0000000020000068        0x4 ./Core/Src/drive.o
                0x0000000020000068                Distance_CH2
 .bss.defaultTaskHandle
                0x000000002000006c        0x4 ./Core/Src/freertos.o
                0x000000002000006c                defaultTaskHandle
 .bss.htim1     0x0000000020000070       0x48 ./Core/Src/stm32f1xx_hal_timebase_tim.o
                0x0000000020000070                htim1
 .bss.htim2     0x00000000200000b8       0x48 ./Core/Src/tim.o
                0x00000000200000b8                htim2
 .bss.htim3     0x0000000020000100       0x48 ./Core/Src/tim.o
                0x0000000020000100                htim3
 .bss.huart1    0x0000000020000148       0x48 ./Core/Src/usart.o
                0x0000000020000148                huart1
 .bss.uwTick    0x0000000020000190        0x4 ./Drivers/STM32F1xx_HAL_Driver/Src/stm32f1xx_hal.o
                0x0000000020000190                uwTick
 .bss.KernelState
                0x0000000020000194        0x4 ./Middlewares/Third_Party/FreeRTOS/Source/CMSIS_RTOS_V2/cmsis_os2.o
 .bss.Idle_TCB  0x0000000020000198       0x5c ./Middlewares/Third_Party/FreeRTOS/Source/CMSIS_RTOS_V2/cmsis_os2.o
 .bss.Idle_Stack
                0x00000000200001f4      0x200 ./Middlewares/Third_Party/FreeRTOS/Source/CMSIS_RTOS_V2/cmsis_os2.o
 .bss.Timer_TCB
                0x00000000200003f4       0x5c ./Middlewares/Third_Party/FreeRTOS/Source/CMSIS_RTOS_V2/cmsis_os2.o
 .bss.Timer_Stack
                0x0000000020000450      0x400 ./Middlewares/Third_Party/FreeRTOS/Source/CMSIS_RTOS_V2/cmsis_os2.o
 .bss.xQueueRegistry
                0x0000000020000850       0x40 ./Middlewares/Third_Party/FreeRTOS/Source/queue.o
                0x0000000020000850                xQueueRegistry
 .bss.pxCurrentTCB
                0x0000000020000890        0x4 ./Middlewares/Third_Party/FreeRTOS/Source/tasks.o
                0x0000000020000890                pxCurrentTCB
 .bss.pxReadyTasksLists
                0x0000000020000894      0x460 ./Middlewares/Third_Party/FreeRTOS/Source/tasks.o
 .bss.xDelayedTaskList1
                0x0000000020000cf4       0x14 ./Middlewares/Third_Party/FreeRTOS/Source/tasks.o
 .bss.xDelayedTaskList2
                0x0000000020000d08       0x14 ./Middlewares/Third_Party/FreeRTOS/Source/tasks.o
 .bss.pxDelayedTaskList
                0x0000000020000d1c        0x4 ./Middlewares/Third_Party/FreeRTOS/Source/tasks.o
 .bss.pxOverflowDelayedTaskList
                0x0000000020000d20        0x4 ./Middlewares/Third_Party/FreeRTOS/Source/tasks.o
 .bss.xPendingReadyList
                0x0000000020000d24       0x14 ./Middlewares/Third_Party/FreeRTOS/Source/tasks.o
 .bss.xTasksWaitingTermination
                0x0000000020000d38       0x14 ./Middlewares/Third_Party/FreeRTOS/Source/tasks.o
 .bss.uxDeletedTasksWaitingCleanUp
                0x0000000020000d4c        0x4 ./Middlewares/Third_Party/FreeRTOS/Source/tasks.o
 .bss.xSuspendedTaskList
                0x0000000020000d50       0x14 ./Middlewares/Third_Party/FreeRTOS/Source/tasks.o
 .bss.uxCurrentNumberOfTasks
                0x0000000020000d64        0x4 ./Middlewares/Third_Party/FreeRTOS/Source/tasks.o
 .bss.xTickCount
                0x0000000020000d68        0x4 ./Middlewares/Third_Party/FreeRTOS/Source/tasks.o
 .bss.uxTopReadyPriority
                0x0000000020000d6c        0x4 ./Middlewares/Third_Party/FreeRTOS/Source/tasks.o
 .bss.xSchedulerRunning
                0x0000000020000d70        0x4 ./Middlewares/Third_Party/FreeRTOS/Source/tasks.o
 .bss.uxPendedTicks
                0x0000000020000d74        0x4 ./Middlewares/Third_Party/FreeRTOS/Source/tasks.o
 .bss.xYieldPending
                0x0000000020000d78        0x4 ./Middlewares/Third_Party/FreeRTOS/Source/tasks.o
 .bss.xNumOfOverflows
                0x0000000020000d7c        0x4 ./Middlewares/Third_Party/FreeRTOS/Source/tasks.o
 .bss.uxTaskNumber
                0x0000000020000d80        0x4 ./Middlewares/Third_Party/FreeRTOS/Source/tasks.o
 .bss.xNextTaskUnblockTime
                0x0000000020000d84        0x4 ./Middlewares/Third_Party/FreeRTOS/Source/tasks.o
 .bss.xIdleTaskHandle
                0x0000000020000d88        0x4 ./Middlewares/Third_Party/FreeRTOS/Source/tasks.o
 .bss.uxSchedulerSuspended
                0x0000000020000d8c        0x4 ./Middlewares/Third_Party/FreeRTOS/Source/tasks.o
 .bss.xActiveTimerList1
                0x0000000020000d90       0x14 ./Middlewares/Third_Party/FreeRTOS/Source/timers.o
 .bss.xActiveTimerList2
                0x0000000020000da4       0x14 ./Middlewares/Third_Party/FreeRTOS/Source/timers.o
 .bss.pxCurrentTimerList
                0x0000000020000db8        0x4 ./Middlewares/Third_Party/FreeRTOS/Source/timers.o
 .bss.pxOverflowTimerList
                0x0000000020000dbc        0x4 ./Middlewares/Third_Party/FreeRTOS/Source/timers.o
 .bss.xTimerQueue
                0x0000000020000dc0        0x4 ./Middlewares/Third_Party/FreeRTOS/Source/timers.o
 .bss.xTimerTaskHandle
                0x0000000020000dc4        0x4 ./Middlewares/Third_Party/FreeRTOS/Source/timers.o
 .bss.xLastTime.2
                0x0000000020000dc8        0x4 ./Middlewares/Third_Party/FreeRTOS/Source/timers.o
 .bss.ucStaticTimerQueueStorage.1
                0x0000000020000dcc       0xa0 ./Middlewares/Third_Party/FreeRTOS/Source/timers.o
 .bss.xStaticTimerQueue.0
                0x0000000020000e6c       0x50 ./Middlewares/Third_Party/FreeRTOS/Source/timers.o
 .bss.ucMaxSysCallPriority
                0x0000000020000ebc        0x1 ./Middlewares/Third_Party/FreeRTOS/Source/portable/GCC/ARM_CM3/port.o
 *fill*         0x0000000020000ebd        0x3 
 .bss.ulMaxPRIGROUPValue
                0x0000000020000ec0        0x4 ./Middlewares/Third_Party/FreeRTOS/Source/portable/GCC/ARM_CM3/port.o
 .bss.ucHeap    0x0000000020000ec4      0xc00 ./Middlewares/Third_Party/FreeRTOS/Source/portable/MemMang/heap_4.o
 .bss.xStart    0x0000000020001ac4        0x8 ./Middlewares/Third_Party/FreeRTOS/Source/portable/MemMang/heap_4.o
 .bss.pxEnd     0x0000000020001acc        0x4 ./Middlewares/Third_Party/FreeRTOS/Source/portable/MemMang/heap_4.o
 .bss.xFreeBytesRemaining
                0x0000000020001ad0        0x4 ./Middlewares/Third_Party/FreeRTOS/Source/portable/MemMang/heap_4.o
 .bss.xMinimumEverFreeBytesRemaining
                0x0000000020001ad4        0x4 ./Middlewares/Third_Party/FreeRTOS/Source/portable/MemMang/heap_4.o
 .bss.xBlockAllocatedBit
                0x0000000020001ad8        0x4 ./Middlewares/Third_Party/FreeRTOS/Source/portable/MemMang/heap_4.o
 *(COMMON)
                0x0000000020001adc                . = ALIGN (0x4)
                0x0000000020001adc                _ebss = .
                0x0000000020001adc                __bss_end__ = _ebss

._user_heap_stack
                0x0000000020001adc      0x604 load address 0x0000000008006d34
                0x0000000020001ae0                . = ALIGN (0x8)
 *fill*         0x0000000020001adc        0x4 
                [!provide]                        PROVIDE (end = .)
                0x0000000020001ae0                PROVIDE (_end = .)
                0x0000000020001ce0                . = (. + _Min_Heap_Size)
 *fill*         0x0000000020001ae0      0x200 
                0x00000000200020e0                . = (. + _Min_Stack_Size)
 *fill*         0x0000000020001ce0      0x400 
                0x00000000200020e0                . = ALIGN (0x8)

/DISCARD/
 libc.a(*)
 libm.a(*)
 libgcc.a(*)

.ARM.attributes
                0x0000000000000000       0x29
 *(.ARM.attributes)
 .ARM.attributes
                0x0000000000000000       0x1d C:/ST/STM32CubeIDE_1.14.1/STM32CubeIDE/plugins/com.st.stm32cube.ide.mcu.externaltools.gnu-tools-for-stm32.11.3.rel1.win32_1.1.100.202309141235/tools/bin/../lib/gcc/arm-none-eabi/11.3.1/thumb/v7-m/nofp/crti.o
 .ARM.attributes
                0x000000000000001d       0x2d C:/ST/STM32CubeIDE_1.14.1/STM32CubeIDE/plugins/com.st.stm32cube.ide.mcu.externaltools.gnu-tools-for-stm32.11.3.rel1.win32_1.1.100.202309141235/tools/bin/../lib/gcc/arm-none-eabi/11.3.1/thumb/v7-m/nofp/crtbegin.o
 .ARM.attributes
                0x000000000000004a       0x2d ./Core/Src/HAL/DCMotor.o
 .ARM.attributes
                0x0000000000000077       0x2d ./Core/Src/HAL/DCMotor_cfg.o
 .ARM.attributes
                0x00000000000000a4       0x2d ./Core/Src/HAL/bluetooth.o
 .ARM.attributes
                0x00000000000000d1       0x2d ./Core/Src/drive.o
 .ARM.attributes
                0x00000000000000fe       0x2d ./Core/Src/freertos.o
 .ARM.attributes
                0x000000000000012b       0x2d ./Core/Src/gpio.o
 .ARM.attributes
                0x0000000000000158       0x2d ./Core/Src/main.o
 .ARM.attributes
                0x0000000000000185       0x2d ./Core/Src/stm32f1xx_hal_msp.o
 .ARM.attributes
                0x00000000000001b2       0x2d ./Core/Src/stm32f1xx_hal_timebase_tim.o
 .ARM.attributes
                0x00000000000001df       0x2d ./Core/Src/stm32f1xx_it.o
 .ARM.attributes
                0x000000000000020c       0x2d ./Core/Src/system_stm32f1xx.o
 .ARM.attributes
                0x0000000000000239       0x2d ./Core/Src/tim.o
 .ARM.attributes
                0x0000000000000266       0x2d ./Core/Src/usart.o
 .ARM.attributes
                0x0000000000000293       0x21 ./Core/Startup/startup_stm32f103c8tx.o
 .ARM.attributes
                0x00000000000002b4       0x2d ./Drivers/STM32F1xx_HAL_Driver/Src/stm32f1xx_hal.o
 .ARM.attributes
                0x00000000000002e1       0x2d ./Drivers/STM32F1xx_HAL_Driver/Src/stm32f1xx_hal_cortex.o
 .ARM.attributes
                0x000000000000030e       0x2d ./Drivers/STM32F1xx_HAL_Driver/Src/stm32f1xx_hal_gpio.o
 .ARM.attributes
                0x000000000000033b       0x2d ./Drivers/STM32F1xx_HAL_Driver/Src/stm32f1xx_hal_rcc.o
 .ARM.attributes
                0x0000000000000368       0x2d ./Drivers/STM32F1xx_HAL_Driver/Src/stm32f1xx_hal_tim.o
 .ARM.attributes
                0x0000000000000395       0x2d ./Drivers/STM32F1xx_HAL_Driver/Src/stm32f1xx_hal_tim_ex.o
 .ARM.attributes
                0x00000000000003c2       0x2d ./Drivers/STM32F1xx_HAL_Driver/Src/stm32f1xx_hal_uart.o
 .ARM.attributes
                0x00000000000003ef       0x2d ./Middlewares/Third_Party/FreeRTOS/Source/CMSIS_RTOS_V2/cmsis_os2.o
 .ARM.attributes
                0x000000000000041c       0x2d ./Middlewares/Third_Party/FreeRTOS/Source/list.o
 .ARM.attributes
                0x0000000000000449       0x2d ./Middlewares/Third_Party/FreeRTOS/Source/queue.o
 .ARM.attributes
                0x0000000000000476       0x2d ./Middlewares/Third_Party/FreeRTOS/Source/tasks.o
 .ARM.attributes
                0x00000000000004a3       0x2d ./Middlewares/Third_Party/FreeRTOS/Source/timers.o
 .ARM.attributes
                0x00000000000004d0       0x2d ./Middlewares/Third_Party/FreeRTOS/Source/portable/GCC/ARM_CM3/port.o
 .ARM.attributes
                0x00000000000004fd       0x2d ./Middlewares/Third_Party/FreeRTOS/Source/portable/MemMang/heap_4.o
 .ARM.attributes
                0x000000000000052a       0x2d C:/ST/STM32CubeIDE_1.14.1/STM32CubeIDE/plugins/com.st.stm32cube.ide.mcu.externaltools.gnu-tools-for-stm32.11.3.rel1.win32_1.1.100.202309141235/tools/bin/../lib/gcc/arm-none-eabi/11.3.1/../../../../arm-none-eabi/lib/thumb/v7-m/nofp\libc_nano.a(libc_a-memset.o)
 .ARM.attributes
                0x0000000000000557       0x2d C:/ST/STM32CubeIDE_1.14.1/STM32CubeIDE/plugins/com.st.stm32cube.ide.mcu.externaltools.gnu-tools-for-stm32.11.3.rel1.win32_1.1.100.202309141235/tools/bin/../lib/gcc/arm-none-eabi/11.3.1/../../../../arm-none-eabi/lib/thumb/v7-m/nofp\libc_nano.a(libc_a-init.o)
 .ARM.attributes
                0x0000000000000584       0x2d C:/ST/STM32CubeIDE_1.14.1/STM32CubeIDE/plugins/com.st.stm32cube.ide.mcu.externaltools.gnu-tools-for-stm32.11.3.rel1.win32_1.1.100.202309141235/tools/bin/../lib/gcc/arm-none-eabi/11.3.1/../../../../arm-none-eabi/lib/thumb/v7-m/nofp\libc_nano.a(libc_a-memcpy-stub.o)
 .ARM.attributes
                0x00000000000005b1       0x1d C:/ST/STM32CubeIDE_1.14.1/STM32CubeIDE/plugins/com.st.stm32cube.ide.mcu.externaltools.gnu-tools-for-stm32.11.3.rel1.win32_1.1.100.202309141235/tools/bin/../lib/gcc/arm-none-eabi/11.3.1/thumb/v7-m/nofp\libgcc.a(_arm_addsubdf3.o)
 .ARM.attributes
                0x00000000000005ce       0x1d C:/ST/STM32CubeIDE_1.14.1/STM32CubeIDE/plugins/com.st.stm32cube.ide.mcu.externaltools.gnu-tools-for-stm32.11.3.rel1.win32_1.1.100.202309141235/tools/bin/../lib/gcc/arm-none-eabi/11.3.1/thumb/v7-m/nofp\libgcc.a(_arm_muldivdf3.o)
 .ARM.attributes
                0x00000000000005eb       0x1d C:/ST/STM32CubeIDE_1.14.1/STM32CubeIDE/plugins/com.st.stm32cube.ide.mcu.externaltools.gnu-tools-for-stm32.11.3.rel1.win32_1.1.100.202309141235/tools/bin/../lib/gcc/arm-none-eabi/11.3.1/thumb/v7-m/nofp\libgcc.a(_arm_truncdfsf2.o)
 .ARM.attributes
                0x0000000000000608       0x1d C:/ST/STM32CubeIDE_1.14.1/STM32CubeIDE/plugins/com.st.stm32cube.ide.mcu.externaltools.gnu-tools-for-stm32.11.3.rel1.win32_1.1.100.202309141235/tools/bin/../lib/gcc/arm-none-eabi/11.3.1/thumb/v7-m/nofp\libgcc.a(_arm_cmpsf2.o)
 .ARM.attributes
                0x0000000000000625       0x1d C:/ST/STM32CubeIDE_1.14.1/STM32CubeIDE/plugins/com.st.stm32cube.ide.mcu.externaltools.gnu-tools-for-stm32.11.3.rel1.win32_1.1.100.202309141235/tools/bin/../lib/gcc/arm-none-eabi/11.3.1/thumb/v7-m/nofp/crtn.o
OUTPUT(servo.elf elf32-littlearm)
LOAD linker stubs
LOAD C:/ST/STM32CubeIDE_1.14.1/STM32CubeIDE/plugins/com.st.stm32cube.ide.mcu.externaltools.gnu-tools-for-stm32.11.3.rel1.win32_1.1.100.202309141235/tools/bin/../lib/gcc/arm-none-eabi/11.3.1/../../../../arm-none-eabi/lib/thumb/v7-m/nofp\libc.a
LOAD C:/ST/STM32CubeIDE_1.14.1/STM32CubeIDE/plugins/com.st.stm32cube.ide.mcu.externaltools.gnu-tools-for-stm32.11.3.rel1.win32_1.1.100.202309141235/tools/bin/../lib/gcc/arm-none-eabi/11.3.1/../../../../arm-none-eabi/lib/thumb/v7-m/nofp\libm.a
LOAD C:/ST/STM32CubeIDE_1.14.1/STM32CubeIDE/plugins/com.st.stm32cube.ide.mcu.externaltools.gnu-tools-for-stm32.11.3.rel1.win32_1.1.100.202309141235/tools/bin/../lib/gcc/arm-none-eabi/11.3.1/thumb/v7-m/nofp\libgcc.a

.comment        0x0000000000000000       0x43
 .comment       0x0000000000000000       0x43 C:/ST/STM32CubeIDE_1.14.1/STM32CubeIDE/plugins/com.st.stm32cube.ide.mcu.externaltools.gnu-tools-for-stm32.11.3.rel1.win32_1.1.100.202309141235/tools/bin/../lib/gcc/arm-none-eabi/11.3.1/thumb/v7-m/nofp/crtbegin.o
                                         0x44 (size before relaxing)
 .comment       0x0000000000000043       0x44 ./Core/Src/HAL/DCMotor.o
 .comment       0x0000000000000043       0x44 ./Core/Src/HAL/DCMotor_cfg.o
 .comment       0x0000000000000043       0x44 ./Core/Src/HAL/bluetooth.o
 .comment       0x0000000000000043       0x44 ./Core/Src/drive.o
 .comment       0x0000000000000043       0x44 ./Core/Src/freertos.o
 .comment       0x0000000000000043       0x44 ./Core/Src/gpio.o
 .comment       0x0000000000000043       0x44 ./Core/Src/main.o
 .comment       0x0000000000000043       0x44 ./Core/Src/stm32f1xx_hal_msp.o
 .comment       0x0000000000000043       0x44 ./Core/Src/stm32f1xx_hal_timebase_tim.o
 .comment       0x0000000000000043       0x44 ./Core/Src/stm32f1xx_it.o
 .comment       0x0000000000000043       0x44 ./Core/Src/system_stm32f1xx.o
 .comment       0x0000000000000043       0x44 ./Core/Src/tim.o
 .comment       0x0000000000000043       0x44 ./Core/Src/usart.o
 .comment       0x0000000000000043       0x44 ./Drivers/STM32F1xx_HAL_Driver/Src/stm32f1xx_hal.o
 .comment       0x0000000000000043       0x44 ./Drivers/STM32F1xx_HAL_Driver/Src/stm32f1xx_hal_cortex.o
 .comment       0x0000000000000043       0x44 ./Drivers/STM32F1xx_HAL_Driver/Src/stm32f1xx_hal_gpio.o
 .comment       0x0000000000000043       0x44 ./Drivers/STM32F1xx_HAL_Driver/Src/stm32f1xx_hal_rcc.o
 .comment       0x0000000000000043       0x44 ./Drivers/STM32F1xx_HAL_Driver/Src/stm32f1xx_hal_tim.o
 .comment       0x0000000000000043       0x44 ./Drivers/STM32F1xx_HAL_Driver/Src/stm32f1xx_hal_tim_ex.o
 .comment       0x0000000000000043       0x44 ./Drivers/STM32F1xx_HAL_Driver/Src/stm32f1xx_hal_uart.o
 .comment       0x0000000000000043       0x44 ./Middlewares/Third_Party/FreeRTOS/Source/CMSIS_RTOS_V2/cmsis_os2.o
 .comment       0x0000000000000043       0x44 ./Middlewares/Third_Party/FreeRTOS/Source/list.o
 .comment       0x0000000000000043       0x44 ./Middlewares/Third_Party/FreeRTOS/Source/queue.o
 .comment       0x0000000000000043       0x44 ./Middlewares/Third_Party/FreeRTOS/Source/tasks.o
 .comment       0x0000000000000043       0x44 ./Middlewares/Third_Party/FreeRTOS/Source/timers.o
 .comment       0x0000000000000043       0x44 ./Middlewares/Third_Party/FreeRTOS/Source/portable/GCC/ARM_CM3/port.o
 .comment       0x0000000000000043       0x44 ./Middlewares/Third_Party/FreeRTOS/Source/portable/MemMang/heap_4.o

.debug_info     0x0000000000000000    0x1766a
 .debug_info    0x0000000000000000      0x99c ./Core/Src/HAL/DCMotor.o
 .debug_info    0x000000000000099c      0x232 ./Core/Src/HAL/DCMotor_cfg.o
 .debug_info    0x0000000000000bce      0x691 ./Core/Src/HAL/bluetooth.o
 .debug_info    0x000000000000125f      0x9e5 ./Core/Src/drive.o
 .debug_info    0x0000000000001c44      0x38d ./Core/Src/freertos.o
 .debug_info    0x0000000000001fd1      0x2b7 ./Core/Src/gpio.o
 .debug_info    0x0000000000002288      0x9cf ./Core/Src/main.o
 .debug_info    0x0000000000002c57      0x361 ./Core/Src/stm32f1xx_hal_msp.o
 .debug_info    0x0000000000002fb8      0x99a ./Core/Src/stm32f1xx_hal_timebase_tim.o
 .debug_info    0x0000000000003952      0x66a ./Core/Src/stm32f1xx_it.o
 .debug_info    0x0000000000003fbc      0x222 ./Core/Src/system_stm32f1xx.o
 .debug_info    0x00000000000041de      0xc2f ./Core/Src/tim.o
 .debug_info    0x0000000000004e0d      0x798 ./Core/Src/usart.o
 .debug_info    0x00000000000055a5       0x23 ./Core/Startup/startup_stm32f103c8tx.o
 .debug_info    0x00000000000055c8      0x704 ./Drivers/STM32F1xx_HAL_Driver/Src/stm32f1xx_hal.o
 .debug_info    0x0000000000005ccc      0xa87 ./Drivers/STM32F1xx_HAL_Driver/Src/stm32f1xx_hal_cortex.o
 .debug_info    0x0000000000006753      0x5ab ./Drivers/STM32F1xx_HAL_Driver/Src/stm32f1xx_hal_gpio.o
 .debug_info    0x0000000000006cfe      0x7d5 ./Drivers/STM32F1xx_HAL_Driver/Src/stm32f1xx_hal_rcc.o
 .debug_info    0x00000000000074d3     0x293b ./Drivers/STM32F1xx_HAL_Driver/Src/stm32f1xx_hal_tim.o
 .debug_info    0x0000000000009e0e     0x149b ./Drivers/STM32F1xx_HAL_Driver/Src/stm32f1xx_hal_tim_ex.o
 .debug_info    0x000000000000b2a9     0x2fa8 ./Drivers/STM32F1xx_HAL_Driver/Src/stm32f1xx_hal_uart.o
 .debug_info    0x000000000000e251     0x39bf ./Middlewares/Third_Party/FreeRTOS/Source/CMSIS_RTOS_V2/cmsis_os2.o
 .debug_info    0x0000000000011c10      0x2aa ./Middlewares/Third_Party/FreeRTOS/Source/list.o
 .debug_info    0x0000000000011eba     0x1abf ./Middlewares/Third_Party/FreeRTOS/Source/queue.o
 .debug_info    0x0000000000013979     0x20e5 ./Middlewares/Third_Party/FreeRTOS/Source/tasks.o
 .debug_info    0x0000000000015a5e     0x13b5 ./Middlewares/Third_Party/FreeRTOS/Source/timers.o
 .debug_info    0x0000000000016e13      0x494 ./Middlewares/Third_Party/FreeRTOS/Source/portable/GCC/ARM_CM3/port.o
 .debug_info    0x00000000000172a7      0x3c3 ./Middlewares/Third_Party/FreeRTOS/Source/portable/MemMang/heap_4.o

.debug_abbrev   0x0000000000000000     0x3b2a
 .debug_abbrev  0x0000000000000000      0x1f5 ./Core/Src/HAL/DCMotor.o
 .debug_abbrev  0x00000000000001f5      0x10a ./Core/Src/HAL/DCMotor_cfg.o
 .debug_abbrev  0x00000000000002ff      0x194 ./Core/Src/HAL/bluetooth.o
 .debug_abbrev  0x0000000000000493      0x22d ./Core/Src/drive.o
 .debug_abbrev  0x00000000000006c0      0x12c ./Core/Src/freertos.o
 .debug_abbrev  0x00000000000007ec      0x13f ./Core/Src/gpio.o
 .debug_abbrev  0x000000000000092b      0x273 ./Core/Src/main.o
 .debug_abbrev  0x0000000000000b9e      0x11c ./Core/Src/stm32f1xx_hal_msp.o
 .debug_abbrev  0x0000000000000cba      0x1f3 ./Core/Src/stm32f1xx_hal_timebase_tim.o
 .debug_abbrev  0x0000000000000ead      0x17c ./Core/Src/stm32f1xx_it.o
 .debug_abbrev  0x0000000000001029      0x13f ./Core/Src/system_stm32f1xx.o
 .debug_abbrev  0x0000000000001168      0x243 ./Core/Src/tim.o
 .debug_abbrev  0x00000000000013ab      0x1e6 ./Core/Src/usart.o
 .debug_abbrev  0x0000000000001591       0x12 ./Core/Startup/startup_stm32f103c8tx.o
 .debug_abbrev  0x00000000000015a3      0x201 ./Drivers/STM32F1xx_HAL_Driver/Src/stm32f1xx_hal.o
 .debug_abbrev  0x00000000000017a4      0x2f8 ./Drivers/STM32F1xx_HAL_Driver/Src/stm32f1xx_hal_cortex.o
 .debug_abbrev  0x0000000000001a9c      0x1ca ./Drivers/STM32F1xx_HAL_Driver/Src/stm32f1xx_hal_gpio.o
 .debug_abbrev  0x0000000000001c66      0x2b3 ./Drivers/STM32F1xx_HAL_Driver/Src/stm32f1xx_hal_rcc.o
 .debug_abbrev  0x0000000000001f19      0x277 ./Drivers/STM32F1xx_HAL_Driver/Src/stm32f1xx_hal_tim.o
 .debug_abbrev  0x0000000000002190      0x282 ./Drivers/STM32F1xx_HAL_Driver/Src/stm32f1xx_hal_tim_ex.o
 .debug_abbrev  0x0000000000002412      0x2f8 ./Drivers/STM32F1xx_HAL_Driver/Src/stm32f1xx_hal_uart.o
 .debug_abbrev  0x000000000000270a      0x433 ./Middlewares/Third_Party/FreeRTOS/Source/CMSIS_RTOS_V2/cmsis_os2.o
 .debug_abbrev  0x0000000000002b3d       0xf5 ./Middlewares/Third_Party/FreeRTOS/Source/list.o
 .debug_abbrev  0x0000000000002c32      0x3ce ./Middlewares/Third_Party/FreeRTOS/Source/queue.o
 .debug_abbrev  0x0000000000003000      0x385 ./Middlewares/Third_Party/FreeRTOS/Source/tasks.o
 .debug_abbrev  0x0000000000003385      0x348 ./Middlewares/Third_Party/FreeRTOS/Source/timers.o
 .debug_abbrev  0x00000000000036cd      0x258 ./Middlewares/Third_Party/FreeRTOS/Source/portable/GCC/ARM_CM3/port.o
 .debug_abbrev  0x0000000000003925      0x205 ./Middlewares/Third_Party/FreeRTOS/Source/portable/MemMang/heap_4.o

.debug_aranges  0x0000000000000000     0x1418
 .debug_aranges
                0x0000000000000000       0x40 ./Core/Src/HAL/DCMotor.o
 .debug_aranges
                0x0000000000000040       0x18 ./Core/Src/HAL/DCMotor_cfg.o
 .debug_aranges
                0x0000000000000058       0x20 ./Core/Src/HAL/bluetooth.o
 .debug_aranges
                0x0000000000000078       0x48 ./Core/Src/drive.o
 .debug_aranges
                0x00000000000000c0       0x28 ./Core/Src/freertos.o
 .debug_aranges
                0x00000000000000e8       0x20 ./Core/Src/gpio.o
 .debug_aranges
                0x0000000000000108       0x38 ./Core/Src/main.o
 .debug_aranges
                0x0000000000000140       0x20 ./Core/Src/stm32f1xx_hal_msp.o
 .debug_aranges
                0x0000000000000160       0x30 ./Core/Src/stm32f1xx_hal_timebase_tim.o
 .debug_aranges
                0x0000000000000190       0x50 ./Core/Src/stm32f1xx_it.o
 .debug_aranges
                0x00000000000001e0       0x28 ./Core/Src/system_stm32f1xx.o
 .debug_aranges
                0x0000000000000208       0x50 ./Core/Src/tim.o
 .debug_aranges
                0x0000000000000258       0x30 ./Core/Src/usart.o
 .debug_aranges
                0x0000000000000288       0x28 ./Core/Startup/startup_stm32f103c8tx.o
 .debug_aranges
                0x00000000000002b0       0xe0 ./Drivers/STM32F1xx_HAL_Driver/Src/stm32f1xx_hal.o
 .debug_aranges
                0x0000000000000390      0x100 ./Drivers/STM32F1xx_HAL_Driver/Src/stm32f1xx_hal_cortex.o
 .debug_aranges
                0x0000000000000490       0x58 ./Drivers/STM32F1xx_HAL_Driver/Src/stm32f1xx_hal_gpio.o
 .debug_aranges
                0x00000000000004e8       0x90 ./Drivers/STM32F1xx_HAL_Driver/Src/stm32f1xx_hal_rcc.o
 .debug_aranges
                0x0000000000000578      0x3d0 ./Drivers/STM32F1xx_HAL_Driver/Src/stm32f1xx_hal_tim.o
 .debug_aranges
                0x0000000000000948      0x168 ./Drivers/STM32F1xx_HAL_Driver/Src/stm32f1xx_hal_tim_ex.o
 .debug_aranges
                0x0000000000000ab0      0x208 ./Drivers/STM32F1xx_HAL_Driver/Src/stm32f1xx_hal_uart.o
 .debug_aranges
                0x0000000000000cb8      0x228 ./Middlewares/Third_Party/FreeRTOS/Source/CMSIS_RTOS_V2/cmsis_os2.o
 .debug_aranges
                0x0000000000000ee0       0x40 ./Middlewares/Third_Party/FreeRTOS/Source/list.o
 .debug_aranges
                0x0000000000000f20      0x158 ./Middlewares/Third_Party/FreeRTOS/Source/queue.o
 .debug_aranges
                0x0000000000001078      0x1f8 ./Middlewares/Third_Party/FreeRTOS/Source/tasks.o
 .debug_aranges
                0x0000000000001270       0xe0 ./Middlewares/Third_Party/FreeRTOS/Source/timers.o
 .debug_aranges
                0x0000000000001350       0x78 ./Middlewares/Third_Party/FreeRTOS/Source/portable/GCC/ARM_CM3/port.o
 .debug_aranges
                0x00000000000013c8       0x50 ./Middlewares/Third_Party/FreeRTOS/Source/portable/MemMang/heap_4.o

.debug_rnglists
                0x0000000000000000      0xf7b
 .debug_rnglists
                0x0000000000000000       0x2f ./Core/Src/HAL/DCMotor.o
 .debug_rnglists
                0x000000000000002f       0x13 ./Core/Src/HAL/bluetooth.o
 .debug_rnglists
                0x0000000000000042       0x33 ./Core/Src/drive.o
 .debug_rnglists
                0x0000000000000075       0x19 ./Core/Src/freertos.o
 .debug_rnglists
                0x000000000000008e       0x14 ./Core/Src/gpio.o
 .debug_rnglists
                0x00000000000000a2       0x26 ./Core/Src/main.o
 .debug_rnglists
                0x00000000000000c8       0x13 ./Core/Src/stm32f1xx_hal_msp.o
 .debug_rnglists
                0x00000000000000db       0x20 ./Core/Src/stm32f1xx_hal_timebase_tim.o
 .debug_rnglists
                0x00000000000000fb       0x37 ./Core/Src/stm32f1xx_it.o
 .debug_rnglists
                0x0000000000000132       0x1a ./Core/Src/system_stm32f1xx.o
 .debug_rnglists
                0x000000000000014c       0x3a ./Core/Src/tim.o
 .debug_rnglists
                0x0000000000000186       0x20 ./Core/Src/usart.o
 .debug_rnglists
                0x00000000000001a6       0x19 ./Core/Startup/startup_stm32f103c8tx.o
 .debug_rnglists
                0x00000000000001bf       0xa3 ./Drivers/STM32F1xx_HAL_Driver/Src/stm32f1xx_hal.o
 .debug_rnglists
                0x0000000000000262       0xbb ./Drivers/STM32F1xx_HAL_Driver/Src/stm32f1xx_hal_cortex.o
 .debug_rnglists
                0x000000000000031d       0x3f ./Drivers/STM32F1xx_HAL_Driver/Src/stm32f1xx_hal_gpio.o
 .debug_rnglists
                0x000000000000035c       0x6c ./Drivers/STM32F1xx_HAL_Driver/Src/stm32f1xx_hal_rcc.o
 .debug_rnglists
                0x00000000000003c8      0x31a ./Drivers/STM32F1xx_HAL_Driver/Src/stm32f1xx_hal_tim.o
 .debug_rnglists
                0x00000000000006e2      0x125 ./Drivers/STM32F1xx_HAL_Driver/Src/stm32f1xx_hal_tim_ex.o
 .debug_rnglists
                0x0000000000000807      0x1bc ./Drivers/STM32F1xx_HAL_Driver/Src/stm32f1xx_hal_uart.o
 .debug_rnglists
                0x00000000000009c3      0x1b4 ./Middlewares/Third_Party/FreeRTOS/Source/CMSIS_RTOS_V2/cmsis_os2.o
 .debug_rnglists
                0x0000000000000b77       0x2b ./Middlewares/Third_Party/FreeRTOS/Source/list.o
 .debug_rnglists
                0x0000000000000ba2      0x109 ./Middlewares/Third_Party/FreeRTOS/Source/queue.o
 .debug_rnglists
                0x0000000000000cab      0x194 ./Middlewares/Third_Party/FreeRTOS/Source/tasks.o
 .debug_rnglists
                0x0000000000000e3f       0xab ./Middlewares/Third_Party/FreeRTOS/Source/timers.o
 .debug_rnglists
                0x0000000000000eea       0x56 ./Middlewares/Third_Party/FreeRTOS/Source/portable/GCC/ARM_CM3/port.o
 .debug_rnglists
                0x0000000000000f40       0x3b ./Middlewares/Third_Party/FreeRTOS/Source/portable/MemMang/heap_4.o

.debug_macro    0x0000000000000000    0x19888
 .debug_macro   0x0000000000000000      0x1c6 ./Core/Src/HAL/DCMotor.o
 .debug_macro   0x00000000000001c6      0xa9c ./Core/Src/HAL/DCMotor.o
 .debug_macro   0x0000000000000c62      0x21b ./Core/Src/HAL/DCMotor.o
 .debug_macro   0x0000000000000e7d       0x2e ./Core/Src/HAL/DCMotor.o
 .debug_macro   0x0000000000000eab       0x22 ./Core/Src/HAL/DCMotor.o
 .debug_macro   0x0000000000000ecd       0x22 ./Core/Src/HAL/DCMotor.o
 .debug_macro   0x0000000000000eef       0x8e ./Core/Src/HAL/DCMotor.o
 .debug_macro   0x0000000000000f7d       0x51 ./Core/Src/HAL/DCMotor.o
 .debug_macro   0x0000000000000fce      0x103 ./Core/Src/HAL/DCMotor.o
 .debug_macro   0x00000000000010d1       0x6a ./Core/Src/HAL/DCMotor.o
 .debug_macro   0x000000000000113b      0x1df ./Core/Src/HAL/DCMotor.o
 .debug_macro   0x000000000000131a       0x1c ./Core/Src/HAL/DCMotor.o
 .debug_macro   0x0000000000001336       0x22 ./Core/Src/HAL/DCMotor.o
 .debug_macro   0x0000000000001358       0xbd ./Core/Src/HAL/DCMotor.o
 .debug_macro   0x0000000000001415      0xd23 ./Core/Src/HAL/DCMotor.o
 .debug_macro   0x0000000000002138     0xe09e ./Core/Src/HAL/DCMotor.o
 .debug_macro   0x00000000000101d6       0x6d ./Core/Src/HAL/DCMotor.o
 .debug_macro   0x0000000000010243     0x348d ./Core/Src/HAL/DCMotor.o
 .debug_macro   0x00000000000136d0      0x174 ./Core/Src/HAL/DCMotor.o
 .debug_macro   0x0000000000013844       0x5c ./Core/Src/HAL/DCMotor.o
 .debug_macro   0x00000000000138a0      0x5bc ./Core/Src/HAL/DCMotor.o
 .debug_macro   0x0000000000013e5c      0x289 ./Core/Src/HAL/DCMotor.o
 .debug_macro   0x00000000000140e5      0x1cb ./Core/Src/HAL/DCMotor.o
 .debug_macro   0x00000000000142b0      0x114 ./Core/Src/HAL/DCMotor.o
 .debug_macro   0x00000000000143c4      0x1b2 ./Core/Src/HAL/DCMotor.o
 .debug_macro   0x0000000000014576       0x27 ./Core/Src/HAL/DCMotor.o
 .debug_macro   0x000000000001459d      0x136 ./Core/Src/HAL/DCMotor.o
 .debug_macro   0x00000000000146d3      0x1bc ./Core/Src/HAL/DCMotor.o
 .debug_macro   0x000000000001488f       0x34 ./Core/Src/HAL/DCMotor.o
 .debug_macro   0x00000000000148c3       0x3c ./Core/Src/HAL/DCMotor.o
 .debug_macro   0x00000000000148ff       0x57 ./Core/Src/HAL/DCMotor.o
 .debug_macro   0x0000000000014956       0x87 ./Core/Src/HAL/DCMotor.o
 .debug_macro   0x00000000000149dd      0x240 ./Core/Src/HAL/DCMotor.o
 .debug_macro   0x0000000000014c1d      0x140 ./Core/Src/HAL/DCMotor.o
 .debug_macro   0x0000000000014d5d      0x8ed ./Core/Src/HAL/DCMotor.o
 .debug_macro   0x000000000001564a      0x28e ./Core/Src/HAL/DCMotor.o
 .debug_macro   0x00000000000158d8       0x83 ./Core/Src/HAL/DCMotor.o
 .debug_macro   0x000000000001595b       0x10 ./Core/Src/HAL/DCMotor.o
 .debug_macro   0x000000000001596b      0x1ba ./Core/Src/HAL/DCMotor_cfg.o
 .debug_macro   0x0000000000015b25      0x1d0 ./Core/Src/HAL/bluetooth.o
 .debug_macro   0x0000000000015cf5       0x34 ./Core/Src/HAL/bluetooth.o
 .debug_macro   0x0000000000015d29      0x299 ./Core/Src/drive.o
 .debug_macro   0x0000000000015fc2       0x5b ./Core/Src/drive.o
 .debug_macro   0x000000000001601d       0x10 ./Core/Src/drive.o
 .debug_macro   0x000000000001602d       0x74 ./Core/Src/drive.o
 .debug_macro   0x00000000000160a1      0x122 ./Core/Src/drive.o
 .debug_macro   0x00000000000161c3      0x15a ./Core/Src/drive.o
 .debug_macro   0x000000000001631d       0xc2 ./Core/Src/drive.o
 .debug_macro   0x00000000000163df       0x10 ./Core/Src/drive.o
 .debug_macro   0x00000000000163ef       0x1f ./Core/Src/drive.o
 .debug_macro   0x000000000001640e      0x47f ./Core/Src/drive.o
 .debug_macro   0x000000000001688d       0xdd ./Core/Src/drive.o
 .debug_macro   0x000000000001696a       0xb5 ./Core/Src/drive.o
 .debug_macro   0x0000000000016a1f       0x8c ./Core/Src/drive.o
 .debug_macro   0x0000000000016aab       0xb7 ./Core/Src/drive.o
 .debug_macro   0x0000000000016b62      0x23c ./Core/Src/freertos.o
 .debug_macro   0x0000000000016d9e      0x1bc ./Core/Src/gpio.o
 .debug_macro   0x0000000000016f5a      0x269 ./Core/Src/main.o
 .debug_macro   0x00000000000171c3      0x122 ./Core/Src/main.o
 .debug_macro   0x00000000000172e5      0x1b2 ./Core/Src/stm32f1xx_hal_msp.o
 .debug_macro   0x0000000000017497      0x1a3 ./Core/Src/stm32f1xx_hal_timebase_tim.o
 .debug_macro   0x000000000001763a      0x1bc ./Core/Src/stm32f1xx_it.o
 .debug_macro   0x00000000000177f6      0x1a3 ./Core/Src/system_stm32f1xx.o
 .debug_macro   0x0000000000017999      0x1bc ./Core/Src/tim.o
 .debug_macro   0x0000000000017b55      0x1bc ./Core/Src/usart.o
 .debug_macro   0x0000000000017d11      0x1c7 ./Drivers/STM32F1xx_HAL_Driver/Src/stm32f1xx_hal.o
 .debug_macro   0x0000000000017ed8      0x1a3 ./Drivers/STM32F1xx_HAL_Driver/Src/stm32f1xx_hal_cortex.o
 .debug_macro   0x000000000001807b      0x20e ./Drivers/STM32F1xx_HAL_Driver/Src/stm32f1xx_hal_gpio.o
 .debug_macro   0x0000000000018289      0x1b5 ./Drivers/STM32F1xx_HAL_Driver/Src/stm32f1xx_hal_rcc.o
 .debug_macro   0x000000000001843e      0x1a4 ./Drivers/STM32F1xx_HAL_Driver/Src/stm32f1xx_hal_tim.o
 .debug_macro   0x00000000000185e2      0x1a3 ./Drivers/STM32F1xx_HAL_Driver/Src/stm32f1xx_hal_tim_ex.o
 .debug_macro   0x0000000000018785      0x1a4 ./Drivers/STM32F1xx_HAL_Driver/Src/stm32f1xx_hal_uart.o
 .debug_macro   0x0000000000018929      0x247 ./Middlewares/Third_Party/FreeRTOS/Source/CMSIS_RTOS_V2/cmsis_os2.o
 .debug_macro   0x0000000000018b70       0x10 ./Middlewares/Third_Party/FreeRTOS/Source/CMSIS_RTOS_V2/cmsis_os2.o
 .debug_macro   0x0000000000018b80       0x20 ./Middlewares/Third_Party/FreeRTOS/Source/CMSIS_RTOS_V2/cmsis_os2.o
 .debug_macro   0x0000000000018ba0       0x91 ./Middlewares/Third_Party/FreeRTOS/Source/CMSIS_RTOS_V2/cmsis_os2.o
 .debug_macro   0x0000000000018c31       0x8d ./Middlewares/Third_Party/FreeRTOS/Source/CMSIS_RTOS_V2/cmsis_os2.o
 .debug_macro   0x0000000000018cbe       0x9a ./Middlewares/Third_Party/FreeRTOS/Source/CMSIS_RTOS_V2/cmsis_os2.o
 .debug_macro   0x0000000000018d58      0x187 ./Middlewares/Third_Party/FreeRTOS/Source/list.o
 .debug_macro   0x0000000000018edf      0x212 ./Middlewares/Third_Party/FreeRTOS/Source/queue.o
 .debug_macro   0x00000000000190f1       0x16 ./Middlewares/Third_Party/FreeRTOS/Source/queue.o
 .debug_macro   0x0000000000019107      0x287 ./Middlewares/Third_Party/FreeRTOS/Source/tasks.o
 .debug_macro   0x000000000001938e       0x10 ./Middlewares/Third_Party/FreeRTOS/Source/tasks.o
 .debug_macro   0x000000000001939e      0x1ca ./Middlewares/Third_Party/FreeRTOS/Source/timers.o
 .debug_macro   0x0000000000019568      0x172 ./Middlewares/Third_Party/FreeRTOS/Source/portable/GCC/ARM_CM3/port.o
 .debug_macro   0x00000000000196da      0x1ae ./Middlewares/Third_Party/FreeRTOS/Source/portable/MemMang/heap_4.o

.debug_line     0x0000000000000000    0x18c9b
 .debug_line    0x0000000000000000      0x8e2 ./Core/Src/HAL/DCMotor.o
 .debug_line    0x00000000000008e2      0x70e ./Core/Src/HAL/DCMotor_cfg.o
 .debug_line    0x0000000000000ff0      0x751 ./Core/Src/HAL/bluetooth.o
 .debug_line    0x0000000000001741      0xab7 ./Core/Src/drive.o
 .debug_line    0x00000000000021f8      0x873 ./Core/Src/freertos.o
 .debug_line    0x0000000000002a6b      0x72f ./Core/Src/gpio.o
 .debug_line    0x000000000000319a      0x946 ./Core/Src/main.o
 .debug_line    0x0000000000003ae0      0x706 ./Core/Src/stm32f1xx_hal_msp.o
 .debug_line    0x00000000000041e6      0x773 ./Core/Src/stm32f1xx_hal_timebase_tim.o
 .debug_line    0x0000000000004959      0x7a1 ./Core/Src/stm32f1xx_it.o
 .debug_line    0x00000000000050fa      0x783 ./Core/Src/system_stm32f1xx.o
 .debug_line    0x000000000000587d      0x872 ./Core/Src/tim.o
 .debug_line    0x00000000000060ef      0x774 ./Core/Src/usart.o
 .debug_line    0x0000000000006863       0x78 ./Core/Startup/startup_stm32f103c8tx.o
 .debug_line    0x00000000000068db      0x9b0 ./Drivers/STM32F1xx_HAL_Driver/Src/stm32f1xx_hal.o
 .debug_line    0x000000000000728b      0xb98 ./Drivers/STM32F1xx_HAL_Driver/Src/stm32f1xx_hal_cortex.o
 .debug_line    0x0000000000007e23      0xa49 ./Drivers/STM32F1xx_HAL_Driver/Src/stm32f1xx_hal_gpio.o
 .debug_line    0x000000000000886c      0xdb9 ./Drivers/STM32F1xx_HAL_Driver/Src/stm32f1xx_hal_rcc.o
 .debug_line    0x0000000000009625     0x349c ./Drivers/STM32F1xx_HAL_Driver/Src/stm32f1xx_hal_tim.o
 .debug_line    0x000000000000cac1     0x190f ./Drivers/STM32F1xx_HAL_Driver/Src/stm32f1xx_hal_tim_ex.o
 .debug_line    0x000000000000e3d0     0x28de ./Drivers/STM32F1xx_HAL_Driver/Src/stm32f1xx_hal_uart.o
 .debug_line    0x0000000000010cae     0x24e5 ./Middlewares/Third_Party/FreeRTOS/Source/CMSIS_RTOS_V2/cmsis_os2.o
 .debug_line    0x0000000000013193      0x795 ./Middlewares/Third_Party/FreeRTOS/Source/list.o
 .debug_line    0x0000000000013928     0x1758 ./Middlewares/Third_Party/FreeRTOS/Source/queue.o
 .debug_line    0x0000000000015080     0x1dc2 ./Middlewares/Third_Party/FreeRTOS/Source/tasks.o
 .debug_line    0x0000000000016e42      0xd2c ./Middlewares/Third_Party/FreeRTOS/Source/timers.o
 .debug_line    0x0000000000017b6e      0x7d6 ./Middlewares/Third_Party/FreeRTOS/Source/portable/GCC/ARM_CM3/port.o
 .debug_line    0x0000000000018344      0x957 ./Middlewares/Third_Party/FreeRTOS/Source/portable/MemMang/heap_4.o

.debug_str      0x0000000000000000    0x93bf2
 .debug_str     0x0000000000000000    0x83956 ./Core/Src/HAL/DCMotor.o
                                      0x83d3f (size before relaxing)
 .debug_str     0x0000000000083956       0x1e ./Core/Src/HAL/DCMotor_cfg.o
                                      0x8369f (size before relaxing)
 .debug_str     0x0000000000083974      0x325 ./Core/Src/HAL/bluetooth.o
                                      0x83b0d (size before relaxing)
 .debug_str     0x0000000000083c99     0x46ee ./Core/Src/drive.o
                                      0x88337 (size before relaxing)
 .debug_str     0x0000000000088387      0x533 ./Core/Src/freertos.o
                                      0x87f74 (size before relaxing)
 .debug_str     0x00000000000888ba       0x9a ./Core/Src/gpio.o
                                      0x8371c (size before relaxing)
 .debug_str     0x0000000000088954      0x251 ./Core/Src/main.o
                                      0x88270 (size before relaxing)
 .debug_str     0x0000000000088ba5      0x2dd ./Core/Src/stm32f1xx_hal_msp.o
                                      0x83998 (size before relaxing)
 .debug_str     0x0000000000088e82      0x10a ./Core/Src/stm32f1xx_hal_timebase_tim.o
                                      0x83ecc (size before relaxing)
 .debug_str     0x0000000000088f8c       0xa5 ./Core/Src/stm32f1xx_it.o
                                      0x83b76 (size before relaxing)
 .debug_str     0x0000000000089031       0x7e ./Core/Src/system_stm32f1xx.o
                                      0x83614 (size before relaxing)
 .debug_str     0x00000000000890af      0x26f ./Core/Src/tim.o
                                      0x83eb5 (size before relaxing)
 .debug_str     0x000000000008931e       0x51 ./Core/Src/usart.o
                                      0x83b64 (size before relaxing)
 .debug_str     0x000000000008936f       0x34 ./Core/Startup/startup_stm32f103c8tx.o
                                         0x77 (size before relaxing)
 .debug_str     0x00000000000893a3      0x34a ./Drivers/STM32F1xx_HAL_Driver/Src/stm32f1xx_hal.o
                                      0x83d47 (size before relaxing)
 .debug_str     0x00000000000896ed      0x29f ./Drivers/STM32F1xx_HAL_Driver/Src/stm32f1xx_hal_cortex.o
                                      0x83c93 (size before relaxing)
 .debug_str     0x000000000008998c      0x2e1 ./Drivers/STM32F1xx_HAL_Driver/Src/stm32f1xx_hal_gpio.o
                                      0x8399a (size before relaxing)
 .debug_str     0x0000000000089c6d      0x1f3 ./Drivers/STM32F1xx_HAL_Driver/Src/stm32f1xx_hal_rcc.o
                                      0x83a43 (size before relaxing)
 .debug_str     0x0000000000089e60      0xc82 ./Drivers/STM32F1xx_HAL_Driver/Src/stm32f1xx_hal_tim.o
                                      0x84a35 (size before relaxing)
 .debug_str     0x000000000008aae2      0x493 ./Drivers/STM32F1xx_HAL_Driver/Src/stm32f1xx_hal_tim_ex.o
                                      0x84251 (size before relaxing)
 .debug_str     0x000000000008af75      0x62b ./Drivers/STM32F1xx_HAL_Driver/Src/stm32f1xx_hal_uart.o
                                      0x840b4 (size before relaxing)
 .debug_str     0x000000000008b5a0     0x5d73 ./Middlewares/Third_Party/FreeRTOS/Source/CMSIS_RTOS_V2/cmsis_os2.o
                                       0xe545 (size before relaxing)
 .debug_str     0x0000000000091313      0x21b ./Middlewares/Third_Party/FreeRTOS/Source/list.o
                                       0xa632 (size before relaxing)
 .debug_str     0x000000000009152e      0x86c ./Middlewares/Third_Party/FreeRTOS/Source/queue.o
                                       0xc02c (size before relaxing)
 .debug_str     0x0000000000091d9a     0x109b ./Middlewares/Third_Party/FreeRTOS/Source/tasks.o
                                       0xcb90 (size before relaxing)
 .debug_str     0x0000000000092e35      0x515 ./Middlewares/Third_Party/FreeRTOS/Source/timers.o
                                       0xc501 (size before relaxing)
 .debug_str     0x000000000009334a      0x66e ./Middlewares/Third_Party/FreeRTOS/Source/portable/GCC/ARM_CM3/port.o
                                       0x80a7 (size before relaxing)
 .debug_str     0x00000000000939b8      0x23a ./Middlewares/Third_Party/FreeRTOS/Source/portable/MemMang/heap_4.o
                                       0xad7f (size before relaxing)

.debug_frame    0x0000000000000000     0x53c4