../Core/Src/main.c:67:6:HAL_UARTEx_RxEventCallback	16	static
../Core/Src/main.c:91:6:Delay	16	static
../Core/Src/main.c:104:6:HAL_TIM_IC_CaptureCallback	16	static
../Core/Src/main.c:141:6:HCSR04_Read	8	static
../Core/Src/main.c:156:5:main	8	static
../Core/Src/main.c:225:6:SystemClock_Config	72	static
../Core/Src/main.c:265:13:MX_TIM1_Init	32	static
../Core/Src/main.c:314:13:MX_TIM2_Init	32	static
../Core/Src/main.c:359:13:MX_USART1_UART_Init	8	static
../Core/Src/main.c:392:13:MX_USART2_UART_Init	8	static
../Core/Src/main.c:425:13:MX_GPIO_Init	40	static
../Core/Src/main.c:471:6:Error_Handler	4	static,ignoring_inline_asm
