../Core/Src/main.c:67:6:HAL_UARTEx_RxEventCallback	16	static
../Core/Src/main.c:97:6:Delay	16	static
../Core/Src/main.c:110:6:HAL_TIM_IC_CaptureCallback	16	static
../Core/Src/main.c:155:6:HCSR04_Read_ch1	8	static
../Core/Src/main.c:163:6:HCSR04_Read_ch2	8	static
../Core/Src/main.c:178:5:main	8	static
../Core/Src/main.c:269:6:SystemClock_Config	72	static
../Core/Src/main.c:309:13:MX_TIM1_Init	32	static
../Core/Src/main.c:363:13:MX_TIM2_Init	32	static
../Core/Src/main.c:408:13:MX_USART1_UART_Init	8	static
../Core/Src/main.c:441:13:MX_USART2_UART_Init	8	static
../Core/Src/main.c:474:13:MX_GPIO_Init	40	static
../Core/Src/main.c:530:6:Error_Handler	4	static,ignoring_inline_asm
